[2026-09-05T15:26:09.812+0900][0.016s][info][gc,init] CardTable entry size: 512
[2026-09-05T15:26:09.813+0900][0.016s][info][gc     ] Using G1
[2026-09-05T15:26:09.816+0900][0.020s][info][gc,init] Version: 21.0.8+9-LTS (release)
[2026-09-05T15:26:09.816+0900][0.020s][info][gc,init] CPUs: 8 total, 8 available
[2026-09-05T15:26:09.816+0900][0.020s][info][gc,init] Memory: 7991M
[2026-09-05T15:26:09.817+0900][0.020s][info][gc,init] Large Page Support: Disabled
[2026-09-05T15:26:09.817+0900][0.020s][info][gc,init] NUMA Support: Disabled
[2026-09-05T15:26:09.817+0900][0.020s][info][gc,init] Compressed Oops: Enabled (32-bit)
[2026-09-05T15:26:09.817+0900][0.021s][info][gc,init] Heap Region Size: 1M
[2026-09-05T15:26:09.817+0900][0.021s][info][gc,init] Heap Min Capacity: 512M
[2026-09-05T15:26:09.817+0900][0.021s][info][gc,init] Heap Initial Capacity: 512M
[2026-09-05T15:26:09.817+0900][0.021s][info][gc,init] Heap Max Capacity: 512M
[2026-09-05T15:26:09.817+0900][0.021s][info][gc,init] Pre-touch: Disabled
[2026-09-05T15:26:09.817+0900][0.021s][info][gc,init] Parallel Workers: 8
[2026-09-05T15:26:09.817+0900][0.021s][info][gc,init] Concurrent Workers: 2
[2026-09-05T15:26:09.817+0900][0.021s][info][gc,init] Concurrent Refinement Workers: 8
[2026-09-05T15:26:09.817+0900][0.021s][info][gc,init] Periodic GC: Disabled
[2026-09-05T15:26:09.826+0900][0.030s][info][gc,metaspace] CDS archive(s) mapped at: [0x000001881b000000-0x000001881bc80000-0x000001881bc80000), size 13107200, SharedBaseAddress: 0x000001881b000000, ArchiveRelocationMode: 1.
[2026-09-05T15:26:09.826+0900][0.030s][info][gc,metaspace] Compressed class space mapped at: 0x000001881c000000-0x000001885c000000, reserved size: 1073741824
[2026-09-05T15:26:09.826+0900][0.030s][info][gc,metaspace] Narrow klass base: 0x000001881b000000, Narrow klass shift: 0, Narrow klass range: 0x100000000
[2026-09-05T15:26:10.251+0900][0.454s][info][gc,start    ] GC(0) Pause Young (Normal) (G1 Evacuation Pause)
[2026-09-05T15:26:10.252+0900][0.456s][info][gc,task     ] GC(0) Using 8 workers of 8 for evacuation
[2026-09-05T15:26:10.257+0900][0.461s][info][gc,phases   ] GC(0)   Pre Evacuate Collection Set: 0.2ms
[2026-09-05T15:26:10.257+0900][0.461s][info][gc,phases   ] GC(0)   Merge Heap Roots: 0.1ms
[2026-09-05T15:26:10.257+0900][0.461s][info][gc,phases   ] GC(0)   Evacuate Collection Set: 4.1ms
[2026-09-05T15:26:10.257+0900][0.461s][info][gc,phases   ] GC(0)   Post Evacuate Collection Set: 0.6ms
[2026-09-05T15:26:10.258+0900][0.461s][info][gc,phases   ] GC(0)   Other: 1.3ms
[2026-09-05T15:26:10.258+0900][0.461s][info][gc,heap     ] GC(0) Eden regions: 25->0(36)
[2026-09-05T15:26:10.258+0900][0.461s][info][gc,heap     ] GC(0) Survivor regions: 0->3(4)
[2026-09-05T15:26:10.258+0900][0.461s][info][gc,heap     ] GC(0) Old regions: 0->0
[2026-09-05T15:26:10.258+0900][0.461s][info][gc,heap     ] GC(0) Humongous regions: 0->0
[2026-09-05T15:26:10.258+0900][0.461s][info][gc,metaspace] GC(0) Metaspace: 2401K(2624K)->2401K(2624K) NonClass: 2165K(2304K)->2165K(2304K) Class: 236K(320K)->236K(320K)
[2026-09-05T15:26:10.258+0900][0.461s][info][gc          ] GC(0) Pause Young (Normal) (G1 Evacuation Pause) 25M->2M(512M) 6.916ms
[2026-09-05T15:26:10.258+0900][0.461s][info][gc,cpu      ] GC(0) User=0.05s Sys=0.05s Real=0.01s
[2026-09-05T15:26:10.258+0900][0.461s][info][safepoint   ] Safepoint "G1CollectForAllocation", Time since last: 420520900 ns, Reaching safepoint: 13000 ns, Cleanup: 83000 ns, At safepoint: 7019800 ns, Leaving safepoint: 19200 ns, Total: 7135000 ns
[2026-09-05T15:26:11.021+0900][1.224s][info][safepoint   ] Safepoint "ICBufferFull", Time since last: 763007500 ns, Reaching safepoint: 3500 ns, Cleanup: 75400 ns, At safepoint: 1100 ns, Leaving safepoint: 500 ns, Total: 80500 ns
[2026-09-05T15:26:11.094+0900][1.298s][info][gc,start    ] GC(1) Pause Young (Normal) (G1 Evacuation Pause)
[2026-09-05T15:26:11.094+0900][1.298s][info][gc,task     ] GC(1) Using 8 workers of 8 for evacuation
[2026-09-05T15:26:11.099+0900][1.303s][info][gc,phases   ] GC(1)   Pre Evacuate Collection Set: 0.1ms
[2026-09-05T15:26:11.099+0900][1.303s][info][gc,phases   ] GC(1)   Merge Heap Roots: 0.1ms
[2026-09-05T15:26:11.099+0900][1.303s][info][gc,phases   ] GC(1)   Evacuate Collection Set: 3.6ms
[2026-09-05T15:26:11.099+0900][1.303s][info][gc,phases   ] GC(1)   Post Evacuate Collection Set: 0.9ms
[2026-09-05T15:26:11.099+0900][1.303s][info][gc,phases   ] GC(1)   Other: 0.1ms
[2026-09-05T15:26:11.099+0900][1.303s][info][gc,heap     ] GC(1) Eden regions: 36->0(302)
[2026-09-05T15:26:11.100+0900][1.303s][info][gc,heap     ] GC(1) Survivor regions: 3->5(5)
[2026-09-05T15:26:11.100+0900][1.303s][info][gc,heap     ] GC(1) Old regions: 0->0
[2026-09-05T15:26:11.100+0900][1.304s][info][gc,heap     ] GC(1) Humongous regions: 0->0
[2026-09-05T15:26:11.100+0900][1.304s][info][gc,metaspace] GC(1) Metaspace: 8088K(8384K)->8088K(8384K) NonClass: 7095K(7296K)->7095K(7296K) Class: 992K(1088K)->992K(1088K)
[2026-09-05T15:26:11.100+0900][1.304s][info][gc          ] GC(1) Pause Young (Normal) (G1 Evacuation Pause) 38M->4M(512M) 5.276ms
[2026-09-05T15:26:11.100+0900][1.304s][info][gc,cpu      ] GC(1) User=0.00s Sys=0.00s Real=0.01s
[2026-09-05T15:26:11.100+0900][1.304s][info][safepoint   ] Safepoint "G1CollectForAllocation", Time since last: 73778000 ns, Reaching safepoint: 5500 ns, Cleanup: 30000 ns, At safepoint: 5356600 ns, Leaving safepoint: 16600 ns, Total: 5408700 ns
[2026-09-05T15:26:11.395+0900][1.599s][info][safepoint   ] Safepoint "ICBufferFull", Time since last: 295137300 ns, Reaching safepoint: 4400 ns, Cleanup: 80700 ns, At safepoint: 600 ns, Leaving safepoint: 9900 ns, Total: 95600 ns
[2026-09-05T15:26:11.907+0900][2.111s][info][safepoint   ] Safepoint "ICBufferFull", Time since last: 511972400 ns, Reaching safepoint: 4000 ns, Cleanup: 83800 ns, At safepoint: 1000 ns, Leaving safepoint: 500 ns, Total: 89300 ns
[2026-09-05T15:26:12.163+0900][2.366s][info][safepoint   ] Safepoint "ICBufferFull", Time since last: 255365400 ns, Reaching safepoint: 3600 ns, Cleanup: 84800 ns, At safepoint: 800 ns, Leaving safepoint: 4100 ns, Total: 93300 ns
[2026-09-05T15:26:12.395+0900][2.600s][info][safepoint   ] Safepoint "ICBufferFull", Time since last: 233072600 ns, Reaching safepoint: 6600 ns, Cleanup: 140700 ns, At safepoint: 1200 ns, Leaving safepoint: 8400 ns, Total: 156900 ns
[2026-09-05T15:26:12.956+0900][3.160s][info][safepoint   ] Safepoint "ICBufferFull", Time since last: 560376600 ns, Reaching safepoint: 5800 ns, Cleanup: 140600 ns, At safepoint: 1300 ns, Leaving safepoint: 10000 ns, Total: 157700 ns
[2026-09-05T15:26:13.204+0900][3.407s][info][gc,start    ] GC(2) Pause Young (Concurrent Start) (Metadata GC Threshold)
[2026-09-05T15:26:13.204+0900][3.407s][info][gc,task     ] GC(2) Using 8 workers of 8 for evacuation
[2026-09-05T15:26:13.214+0900][3.417s][info][gc,phases   ] GC(2)   Pre Evacuate Collection Set: 0.2ms
[2026-09-05T15:26:13.214+0900][3.418s][info][gc,phases   ] GC(2)   Merge Heap Roots: 0.1ms
[2026-09-05T15:26:13.214+0900][3.418s][info][gc,phases   ] GC(2)   Evacuate Collection Set: 8.0ms
[2026-09-05T15:26:13.214+0900][3.418s][info][gc,phases   ] GC(2)   Post Evacuate Collection Set: 1.5ms
[2026-09-05T15:26:13.214+0900][3.418s][info][gc,phases   ] GC(2)   Other: 0.2ms
[2026-09-05T15:26:13.214+0900][3.418s][info][gc,heap     ] GC(2) Eden regions: 120->0(296)
[2026-09-05T15:26:13.214+0900][3.418s][info][gc,heap     ] GC(2) Survivor regions: 5->11(39)
[2026-09-05T15:26:13.214+0900][3.418s][info][gc,heap     ] GC(2) Old regions: 0->0
[2026-09-05T15:26:13.214+0900][3.418s][info][gc,heap     ] GC(2) Humongous regions: 0->0
[2026-09-05T15:26:13.214+0900][3.418s][info][gc,metaspace] GC(2) Metaspace: 21062K(21504K)->21062K(21504K) NonClass: 18371K(18624K)->18371K(18624K) Class: 2691K(2880K)->2691K(2880K)
[2026-09-05T15:26:13.214+0900][3.418s][info][gc          ] GC(2) Pause Young (Concurrent Start) (Metadata GC Threshold) 124M->10M(512M) 10.596ms
[2026-09-05T15:26:13.214+0900][3.418s][info][gc,cpu      ] GC(2) User=0.02s Sys=0.11s Real=0.01s
[2026-09-05T15:26:13.214+0900][3.418s][info][safepoint   ] Safepoint "CollectForMetadataAllocation", Time since last: 246827900 ns, Reaching safepoint: 6200 ns, Cleanup: 92600 ns, At safepoint: 10700600 ns, Leaving safepoint: 10600 ns, Total: 10810000 ns
[2026-09-05T15:26:13.214+0900][3.418s][info][gc          ] GC(3) Concurrent Mark Cycle
[2026-09-05T15:26:13.214+0900][3.418s][info][gc,marking  ] GC(3) Concurrent Scan Root Regions
[2026-09-05T15:26:13.219+0900][3.423s][info][gc,marking  ] GC(3) Concurrent Scan Root Regions 5.108ms
[2026-09-05T15:26:13.220+0900][3.423s][info][gc,marking  ] GC(3) Concurrent Mark
[2026-09-05T15:26:13.220+0900][3.423s][info][gc,marking  ] GC(3) Concurrent Mark From Roots
[2026-09-05T15:26:13.220+0900][3.423s][info][gc,task     ] GC(3) Using 2 workers of 2 for marking
[2026-09-05T15:26:13.220+0900][3.424s][info][gc,marking  ] GC(3) Concurrent Mark From Roots 0.213ms
[2026-09-05T15:26:13.220+0900][3.424s][info][gc,marking  ] GC(3) Concurrent Preclean
[2026-09-05T15:26:13.220+0900][3.424s][info][gc,marking  ] GC(3) Concurrent Preclean 0.026ms
[2026-09-05T15:26:13.220+0900][3.424s][info][gc,start    ] GC(3) Pause Remark
[2026-09-05T15:26:13.223+0900][3.426s][info][gc          ] GC(3) Pause Remark 12M->12M(512M) 2.663ms
[2026-09-05T15:26:13.223+0900][3.426s][info][gc,cpu      ] GC(3) User=0.00s Sys=0.00s Real=0.00s
[2026-09-05T15:26:13.223+0900][3.427s][info][safepoint   ] Safepoint "G1PauseRemark", Time since last: 5841100 ns, Reaching safepoint: 14900 ns, Cleanup: 10000 ns, At safepoint: 2820300 ns, Leaving safepoint: 12000 ns, Total: 2857200 ns
[2026-09-05T15:26:13.223+0900][3.427s][info][gc,marking  ] GC(3) Concurrent Mark 3.325ms
[2026-09-05T15:26:13.223+0900][3.427s][info][gc,marking  ] GC(3) Concurrent Rebuild Remembered Sets and Scrub Regions
[2026-09-05T15:26:13.223+0900][3.427s][info][gc,marking  ] GC(3) Concurrent Rebuild Remembered Sets and Scrub Regions 0.071ms
[2026-09-05T15:26:13.223+0900][3.427s][info][gc,start    ] GC(3) Pause Cleanup
[2026-09-05T15:26:13.223+0900][3.427s][info][gc          ] GC(3) Pause Cleanup 12M->12M(512M) 0.047ms
[2026-09-05T15:26:13.223+0900][3.427s][info][gc,cpu      ] GC(3) User=0.00s Sys=0.00s Real=0.00s
[2026-09-05T15:26:13.223+0900][3.427s][info][safepoint   ] Safepoint "G1PauseCleanup", Time since last: 205900 ns, Reaching safepoint: 34300 ns, Cleanup: 3900 ns, At safepoint: 96500 ns, Leaving safepoint: 9800 ns, Total: 144500 ns
[2026-09-05T15:26:13.223+0900][3.427s][info][gc,marking  ] GC(3) Concurrent Clear Claimed Marks
[2026-09-05T15:26:13.223+0900][3.427s][info][gc,marking  ] GC(3) Concurrent Clear Claimed Marks 0.083ms
[2026-09-05T15:26:13.223+0900][3.427s][info][gc,marking  ] GC(3) Concurrent Cleanup for Next Mark
[2026-09-05T15:26:13.225+0900][3.429s][info][gc,marking  ] GC(3) Concurrent Cleanup for Next Mark 1.546ms
[2026-09-05T15:26:13.225+0900][3.429s][info][gc          ] GC(3) Concurrent Mark Cycle 10.825ms
[2026-09-05T15:26:14.011+0900][4.215s][info][safepoint   ] Safepoint "ICBufferFull", Time since last: 787864900 ns, Reaching safepoint: 3500 ns, Cleanup: 115300 ns, At safepoint: 900 ns, Leaving safepoint: 1100 ns, Total: 120800 ns
[2026-09-05T15:26:14.576+0900][4.779s][info][safepoint   ] Safepoint "ICBufferFull", Time since last: 564157000 ns, Reaching safepoint: 5200 ns, Cleanup: 98000 ns, At safepoint: 900 ns, Leaving safepoint: 700 ns, Total: 104800 ns
[2026-09-05T15:26:14.871+0900][5.075s][info][gc,start    ] GC(4) Pause Young (Concurrent Start) (Metadata GC Threshold)
[2026-09-05T15:26:14.871+0900][5.076s][info][gc,task     ] GC(4) Using 8 workers of 8 for evacuation
[2026-09-05T15:26:14.884+0900][5.087s][info][gc,phases   ] GC(4)   Pre Evacuate Collection Set: 0.2ms
[2026-09-05T15:26:14.884+0900][5.087s][info][gc,phases   ] GC(4)   Merge Heap Roots: 0.1ms
[2026-09-05T15:26:14.884+0900][5.087s][info][gc,phases   ] GC(4)   Evacuate Collection Set: 9.2ms
[2026-09-05T15:26:14.884+0900][5.087s][info][gc,phases   ] GC(4)   Post Evacuate Collection Set: 2.1ms
[2026-09-05T15:26:14.884+0900][5.088s][info][gc,phases   ] GC(4)   Other: 0.1ms
[2026-09-05T15:26:14.884+0900][5.088s][info][gc,heap     ] GC(4) Eden regions: 86->0(292)
[2026-09-05T15:26:14.884+0900][5.088s][info][gc,heap     ] GC(4) Survivor regions: 11->15(39)
[2026-09-05T15:26:14.884+0900][5.088s][info][gc,heap     ] GC(4) Old regions: 0->0
[2026-09-05T15:26:14.884+0900][5.088s][info][gc,heap     ] GC(4) Humongous regions: 0->0
[2026-09-05T15:26:14.884+0900][5.088s][info][gc,metaspace] GC(4) Metaspace: 35433K(35968K)->35433K(35968K) NonClass: 30873K(31168K)->30873K(31168K) Class: 4560K(4800K)->4560K(4800K)
[2026-09-05T15:26:14.884+0900][5.088s][info][gc          ] GC(4) Pause Young (Concurrent Start) (Metadata GC Threshold) 95M->14M(512M) 12.297ms
[2026-09-05T15:26:14.884+0900][5.088s][info][gc,cpu      ] GC(4) User=0.00s Sys=0.00s Real=0.01s
[2026-09-05T15:26:14.884+0900][5.088s][info][safepoint   ] Safepoint "CollectForMetadataAllocation", Time since last: 296242500 ns, Reaching safepoint: 3700 ns, Cleanup: 35200 ns, At safepoint: 12411600 ns, Leaving safepoint: 9700 ns, Total: 12460200 ns
[2026-09-05T15:26:14.884+0900][5.088s][info][gc          ] GC(5) Concurrent Mark Cycle
[2026-09-05T15:26:14.884+0900][5.088s][info][gc,marking  ] GC(5) Concurrent Scan Root Regions
[2026-09-05T15:26:14.890+0900][5.094s][info][gc,marking  ] GC(5) Concurrent Scan Root Regions 5.846ms
[2026-09-05T15:26:14.890+0900][5.094s][info][gc,marking  ] GC(5) Concurrent Mark
[2026-09-05T15:26:14.890+0900][5.094s][info][gc,marking  ] GC(5) Concurrent Mark From Roots
[2026-09-05T15:26:14.890+0900][5.094s][info][gc,task     ] GC(5) Using 2 workers of 2 for marking
[2026-09-05T15:26:14.891+0900][5.094s][info][gc,marking  ] GC(5) Concurrent Mark From Roots 0.172ms
[2026-09-05T15:26:14.891+0900][5.094s][info][gc,marking  ] GC(5) Concurrent Preclean
[2026-09-05T15:26:14.891+0900][5.094s][info][gc,marking  ] GC(5) Concurrent Preclean 0.031ms
[2026-09-05T15:26:14.891+0900][5.095s][info][gc,start    ] GC(5) Pause Remark
[2026-09-05T15:26:14.895+0900][5.098s][info][gc          ] GC(5) Pause Remark 16M->16M(512M) 3.867ms
[2026-09-05T15:26:14.895+0900][5.099s][info][gc,cpu      ] GC(5) User=0.00s Sys=0.00s Real=0.00s
[2026-09-05T15:26:14.895+0900][5.099s][info][safepoint   ] Safepoint "G1PauseRemark", Time since last: 6432400 ns, Reaching safepoint: 288400 ns, Cleanup: 26300 ns, At safepoint: 4030800 ns, Leaving safepoint: 12700 ns, Total: 4358200 ns
[2026-09-05T15:26:14.895+0900][5.099s][info][gc,marking  ] GC(5) Concurrent Mark 4.771ms
[2026-09-05T15:26:14.895+0900][5.099s][info][gc,marking  ] GC(5) Concurrent Rebuild Remembered Sets and Scrub Regions
[2026-09-05T15:26:14.895+0900][5.099s][info][gc,marking  ] GC(5) Concurrent Rebuild Remembered Sets and Scrub Regions 0.074ms
[2026-09-05T15:26:14.895+0900][5.099s][info][gc,start    ] GC(5) Pause Cleanup
[2026-09-05T15:26:14.895+0900][5.099s][info][gc          ] GC(5) Pause Cleanup 16M->16M(512M) 0.082ms
[2026-09-05T15:26:14.895+0900][5.099s][info][gc,cpu      ] GC(5) User=0.00s Sys=0.00s Real=0.00s
[2026-09-05T15:26:14.896+0900][5.099s][info][safepoint   ] Safepoint "G1PauseCleanup", Time since last: 235900 ns, Reaching safepoint: 14100 ns, Cleanup: 17500 ns, At safepoint: 160400 ns, Leaving safepoint: 9100 ns, Total: 201100 ns
[2026-09-05T15:26:14.896+0900][5.099s][info][gc,marking  ] GC(5) Concurrent Clear Claimed Marks
[2026-09-05T15:26:14.896+0900][5.099s][info][gc,marking  ] GC(5) Concurrent Clear Claimed Marks 0.107ms
[2026-09-05T15:26:14.896+0900][5.099s][info][gc,marking  ] GC(5) Concurrent Cleanup for Next Mark
[2026-09-05T15:26:14.896+0900][5.100s][info][gc,marking  ] GC(5) Concurrent Cleanup for Next Mark 0.682ms
[2026-09-05T15:26:14.897+0900][5.100s][info][gc          ] GC(5) Concurrent Mark Cycle 12.184ms
[2026-09-05T15:26:15.909+0900][6.112s][info][safepoint   ] Safepoint "Cleanup", Time since last: 1012890400 ns, Reaching safepoint: 10700 ns, Cleanup: 126600 ns, At safepoint: 1400 ns, Leaving safepoint: 11200 ns, Total: 149900 ns
[2026-09-05T15:26:16.613+0900][6.817s][info][safepoint   ] Safepoint "ICBufferFull", Time since last: 704813500 ns, Reaching safepoint: 8100 ns, Cleanup: 212800 ns, At safepoint: 1300 ns, Leaving safepoint: 9200 ns, Total: 231400 ns
[2026-09-05T15:26:17.856+0900][8.060s][info][safepoint   ] Safepoint "Cleanup", Time since last: 1242218900 ns, Reaching safepoint: 2300 ns, Cleanup: 194500 ns, At safepoint: 400 ns, Leaving safepoint: 29400 ns, Total: 226600 ns
[2026-09-05T15:26:17.945+0900][8.150s][info][gc,start    ] GC(6) Pause Young (Concurrent Start) (Metadata GC Threshold)
[2026-09-05T15:26:17.945+0900][8.150s][info][gc,task     ] GC(6) Using 8 workers of 8 for evacuation
[2026-09-05T15:26:17.963+0900][8.167s][info][gc,phases   ] GC(6)   Pre Evacuate Collection Set: 0.3ms
[2026-09-05T15:26:17.963+0900][8.167s][info][gc,phases   ] GC(6)   Merge Heap Roots: 0.1ms
[2026-09-05T15:26:17.963+0900][8.167s][info][gc,phases   ] GC(6)   Evacuate Collection Set: 13.9ms
[2026-09-05T15:26:17.963+0900][8.167s][info][gc,phases   ] GC(6)   Post Evacuate Collection Set: 2.6ms
[2026-09-05T15:26:17.963+0900][8.167s][info][gc,phases   ] GC(6)   Other: 0.2ms
[2026-09-05T15:26:17.964+0900][8.167s][info][gc,heap     ] GC(6) Eden regions: 177->0(287)
[2026-09-05T15:26:17.964+0900][8.167s][info][gc,heap     ] GC(6) Survivor regions: 15->20(39)
[2026-09-05T15:26:17.964+0900][8.167s][info][gc,heap     ] GC(6) Old regions: 0->0
[2026-09-05T15:26:17.964+0900][8.167s][info][gc,heap     ] GC(6) Humongous regions: 0->0
[2026-09-05T15:26:17.964+0900][8.167s][info][gc,metaspace] GC(6) Metaspace: 59375K(60096K)->59375K(60096K) NonClass: 51160K(51584K)->51160K(51584K) Class: 8214K(8512K)->8214K(8512K)
[2026-09-05T15:26:17.964+0900][8.167s][info][gc          ] GC(6) Pause Young (Concurrent Start) (Metadata GC Threshold) 191M->20M(512M) 17.776ms
[2026-09-05T15:26:17.964+0900][8.167s][info][gc,cpu      ] GC(6) User=0.00s Sys=0.03s Real=0.02s
[2026-09-05T15:26:17.964+0900][8.167s][info][gc          ] GC(7) Concurrent Mark Cycle
[2026-09-05T15:26:17.964+0900][8.167s][info][safepoint   ] Safepoint "CollectForMetadataAllocation", Time since last: 89936600 ns, Reaching safepoint: 4100 ns, Cleanup: 22300 ns, At safepoint: 17893200 ns, Leaving safepoint: 10100 ns, Total: 17929700 ns
[2026-09-05T15:26:17.964+0900][8.167s][info][gc,marking  ] GC(7) Concurrent Scan Root Regions
[2026-09-05T15:26:17.974+0900][8.178s][info][gc,marking  ] GC(7) Concurrent Scan Root Regions 10.255ms
[2026-09-05T15:26:17.975+0900][8.178s][info][gc,marking  ] GC(7) Concurrent Mark
[2026-09-05T15:26:17.975+0900][8.178s][info][gc,marking  ] GC(7) Concurrent Mark From Roots
[2026-09-05T15:26:17.975+0900][8.178s][info][gc,task     ] GC(7) Using 2 workers of 2 for marking
[2026-09-05T15:26:17.975+0900][8.178s][info][gc,marking  ] GC(7) Concurrent Mark From Roots 0.197ms
[2026-09-05T15:26:17.975+0900][8.178s][info][gc,marking  ] GC(7) Concurrent Preclean
[2026-09-05T15:26:17.975+0900][8.178s][info][gc,marking  ] GC(7) Concurrent Preclean 0.037ms
[2026-09-05T15:26:17.975+0900][8.178s][info][gc,start    ] GC(7) Pause Remark
[2026-09-05T15:26:17.981+0900][8.184s][info][gc          ] GC(7) Pause Remark 22M->22M(512M) 5.931ms
[2026-09-05T15:26:17.981+0900][8.184s][info][gc,cpu      ] GC(7) User=0.11s Sys=0.00s Real=0.01s
[2026-09-05T15:26:17.981+0900][8.184s][info][safepoint   ] Safepoint "G1PauseRemark", Time since last: 10819200 ns, Reaching safepoint: 77000 ns, Cleanup: 7300 ns, At safepoint: 6088400 ns, Leaving safepoint: 11500 ns, Total: 6184200 ns
[2026-09-05T15:26:17.981+0900][8.185s][info][gc,marking  ] GC(7) Concurrent Mark 6.643ms
[2026-09-05T15:26:17.981+0900][8.185s][info][gc,marking  ] GC(7) Concurrent Rebuild Remembered Sets and Scrub Regions
[2026-09-05T15:26:17.981+0900][8.185s][info][gc,marking  ] GC(7) Concurrent Rebuild Remembered Sets and Scrub Regions 0.089ms
[2026-09-05T15:26:17.981+0900][8.185s][info][gc,start    ] GC(7) Pause Cleanup
[2026-09-05T15:26:17.981+0900][8.185s][info][gc          ] GC(7) Pause Cleanup 22M->22M(512M) 0.050ms
[2026-09-05T15:26:17.981+0900][8.185s][info][gc,cpu      ] GC(7) User=0.00s Sys=0.00s Real=0.00s
[2026-09-05T15:26:17.981+0900][8.185s][info][safepoint   ] Safepoint "G1PauseCleanup", Time since last: 368100 ns, Reaching safepoint: 30300 ns, Cleanup: 9000 ns, At safepoint: 112700 ns, Leaving safepoint: 13000 ns, Total: 165000 ns
[2026-09-05T15:26:17.981+0900][8.185s][info][gc,marking  ] GC(7) Concurrent Clear Claimed Marks
[2026-09-05T15:26:17.981+0900][8.185s][info][gc,marking  ] GC(7) Concurrent Clear Claimed Marks 0.075ms
[2026-09-05T15:26:17.981+0900][8.185s][info][gc,marking  ] GC(7) Concurrent Cleanup for Next Mark
[2026-09-05T15:26:17.982+0900][8.186s][info][gc,marking  ] GC(7) Concurrent Cleanup for Next Mark 0.694ms
[2026-09-05T15:26:17.982+0900][8.186s][info][gc          ] GC(7) Concurrent Mark Cycle 18.547ms
[2026-09-05T15:26:18.540+0900][8.743s][info][safepoint   ] Safepoint "ICBufferFull", Time since last: 558241000 ns, Reaching safepoint: 4500 ns, Cleanup: 79200 ns, At safepoint: 800 ns, Leaving safepoint: 8900 ns, Total: 93400 ns
[2026-09-05T15:26:19.347+0900][9.550s][info][safepoint   ] Safepoint "ICBufferFull", Time since last: 806558200 ns, Reaching safepoint: 6400 ns, Cleanup: 96500 ns, At safepoint: 1000 ns, Leaving safepoint: 4900 ns, Total: 108800 ns
[2026-09-05T15:26:20.353+0900][10.556s][info][safepoint   ] Safepoint "Cleanup", Time since last: 1006382200 ns, Reaching safepoint: 7000 ns, Cleanup: 72800 ns, At safepoint: 1300 ns, Leaving safepoint: 700 ns, Total: 81800 ns
[2026-09-05T15:26:20.769+0900][10.973s][info][gc,start    ] GC(8) Pause Young (Normal) (G1 Evacuation Pause)
[2026-09-05T15:26:20.769+0900][10.973s][info][gc,task     ] GC(8) Using 8 workers of 8 for evacuation
[2026-09-05T15:26:20.786+0900][10.991s][info][gc,phases   ] GC(8)   Pre Evacuate Collection Set: 0.2ms
[2026-09-05T15:26:20.787+0900][10.991s][info][gc,phases   ] GC(8)   Merge Heap Roots: 0.1ms
[2026-09-05T15:26:20.787+0900][10.991s][info][gc,phases   ] GC(8)   Evacuate Collection Set: 14.6ms
[2026-09-05T15:26:20.787+0900][10.991s][info][gc,phases   ] GC(8)   Post Evacuate Collection Set: 2.4ms
[2026-09-05T15:26:20.787+0900][10.991s][info][gc,phases   ] GC(8)   Other: 0.1ms
[2026-09-05T15:26:20.787+0900][10.991s][info][gc,heap     ] GC(8) Eden regions: 287->0(285)
[2026-09-05T15:26:20.787+0900][10.991s][info][gc,heap     ] GC(8) Survivor regions: 20->22(39)
[2026-09-05T15:26:20.787+0900][10.991s][info][gc,heap     ] GC(8) Old regions: 0->0
[2026-09-05T15:26:20.787+0900][10.991s][info][gc,heap     ] GC(8) Humongous regions: 0->0
[2026-09-05T15:26:20.787+0900][10.991s][info][gc,metaspace] GC(8) Metaspace: 64012K(64768K)->64012K(64768K) NonClass: 55197K(55616K)->55197K(55616K) Class: 8814K(9152K)->8814K(9152K)
[2026-09-05T15:26:20.787+0900][10.991s][info][gc          ] GC(8) Pause Young (Normal) (G1 Evacuation Pause) 307M->22M(512M) 17.817ms
[2026-09-05T15:26:20.787+0900][10.991s][info][gc,cpu      ] GC(8) User=0.09s Sys=0.02s Real=0.02s
[2026-09-05T15:26:20.787+0900][10.991s][info][safepoint   ] Safepoint "G1CollectForAllocation", Time since last: 416614000 ns, Reaching safepoint: 5100 ns, Cleanup: 23300 ns, At safepoint: 17891800 ns, Leaving safepoint: 12800 ns, Total: 17933000 ns
[2026-09-05T15:26:21.800+0900][12.003s][info][safepoint   ] Safepoint "Cleanup", Time since last: 1012265800 ns, Reaching safepoint: 66400 ns, Cleanup: 45700 ns, At safepoint: 1700 ns, Leaving safepoint: 1300 ns, Total: 115100 ns
[2026-09-05T15:26:22.428+0900][12.632s][info][gc,start    ] GC(9) Pause Young (Normal) (G1 Evacuation Pause)
[2026-09-05T15:26:22.428+0900][12.632s][info][gc,task     ] GC(9) Using 8 workers of 8 for evacuation
[2026-09-05T15:26:22.444+0900][12.648s][info][gc,phases   ] GC(9)   Pre Evacuate Collection Set: 0.1ms
[2026-09-05T15:26:22.444+0900][12.648s][info][gc,phases   ] GC(9)   Merge Heap Roots: 0.1ms
[2026-09-05T15:26:22.444+0900][12.648s][info][gc,phases   ] GC(9)   Evacuate Collection Set: 13.2ms
[2026-09-05T15:26:22.444+0900][12.648s][info][gc,phases   ] GC(9)   Post Evacuate Collection Set: 2.4ms
[2026-09-05T15:26:22.444+0900][12.648s][info][gc,phases   ] GC(9)   Other: 0.1ms
[2026-09-05T15:26:22.444+0900][12.648s][info][gc,heap     ] GC(9) Eden regions: 285->0(287)
[2026-09-05T15:26:22.444+0900][12.648s][info][gc,heap     ] GC(9) Survivor regions: 22->20(39)
[2026-09-05T15:26:22.444+0900][12.648s][info][gc,heap     ] GC(9) Old regions: 0->3
[2026-09-05T15:26:22.445+0900][12.648s][info][gc,heap     ] GC(9) Humongous regions: 0->0
[2026-09-05T15:26:22.445+0900][12.648s][info][gc,metaspace] GC(9) Metaspace: 64155K(64896K)->64155K(64896K) NonClass: 55335K(55744K)->55335K(55744K) Class: 8820K(9152K)->8820K(9152K)
[2026-09-05T15:26:22.445+0900][12.648s][info][gc          ] GC(9) Pause Young (Normal) (G1 Evacuation Pause) 307M->21M(512M) 16.621ms
[2026-09-05T15:26:22.445+0900][12.648s][info][gc,cpu      ] GC(9) User=0.09s Sys=0.02s Real=0.02s
[2026-09-05T15:26:22.445+0900][12.648s][info][safepoint   ] Safepoint "G1CollectForAllocation", Time since last: 628193600 ns, Reaching safepoint: 6800 ns, Cleanup: 26600 ns, At safepoint: 16713400 ns, Leaving safepoint: 15400 ns, Total: 16762200 ns
[2026-09-05T15:26:23.446+0900][13.649s][info][safepoint   ] Safepoint "Cleanup", Time since last: 1000669800 ns, Reaching safepoint: 19500 ns, Cleanup: 33900 ns, At safepoint: 1300 ns, Leaving safepoint: 10700 ns, Total: 65400 ns
[2026-09-05T15:26:23.963+0900][14.166s][info][gc,start    ] GC(10) Pause Young (Normal) (G1 Evacuation Pause)
[2026-09-05T15:26:23.963+0900][14.166s][info][gc,task     ] GC(10) Using 8 workers of 8 for evacuation
[2026-09-05T15:26:23.974+0900][14.178s][info][gc,phases   ] GC(10)   Pre Evacuate Collection Set: 0.2ms
[2026-09-05T15:26:23.974+0900][14.178s][info][gc,phases   ] GC(10)   Merge Heap Roots: 0.1ms
[2026-09-05T15:26:23.974+0900][14.178s][info][gc,phases   ] GC(10)   Evacuate Collection Set: 9.5ms
[2026-09-05T15:26:23.974+0900][14.178s][info][gc,phases   ] GC(10)   Post Evacuate Collection Set: 1.6ms
[2026-09-05T15:26:23.974+0900][14.178s][info][gc,phases   ] GC(10)   Other: 0.1ms
[2026-09-05T15:26:23.974+0900][14.178s][info][gc,heap     ] GC(10) Eden regions: 287->0(288)
[2026-09-05T15:26:23.974+0900][14.178s][info][gc,heap     ] GC(10) Survivor regions: 20->19(39)
[2026-09-05T15:26:23.974+0900][14.178s][info][gc,heap     ] GC(10) Old regions: 3->3
[2026-09-05T15:26:23.974+0900][14.178s][info][gc,heap     ] GC(10) Humongous regions: 0->0
[2026-09-05T15:26:23.974+0900][14.178s][info][gc,metaspace] GC(10) Metaspace: 64396K(65152K)->64396K(65152K) NonClass: 55576K(56000K)->55576K(56000K) Class: 8820K(9152K)->8820K(9152K)
[2026-09-05T15:26:23.974+0900][14.178s][info][gc          ] GC(10) Pause Young (Normal) (G1 Evacuation Pause) 308M->20M(512M) 11.984ms
[2026-09-05T15:26:23.974+0900][14.178s][info][gc,cpu      ] GC(10) User=0.00s Sys=0.00s Real=0.01s
[2026-09-05T15:26:23.974+0900][14.178s][info][safepoint   ] Safepoint "G1CollectForAllocation", Time since last: 516875500 ns, Reaching safepoint: 4700 ns, Cleanup: 41000 ns, At safepoint: 12067600 ns, Leaving safepoint: 9000 ns, Total: 12122300 ns
[2026-09-05T15:26:24.984+0900][15.187s][info][safepoint   ] Safepoint "Cleanup", Time since last: 1009004300 ns, Reaching safepoint: 78700 ns, Cleanup: 44800 ns, At safepoint: 1800 ns, Leaving safepoint: 14200 ns, Total: 139500 ns
[2026-09-05T15:26:25.446+0900][15.649s][info][gc,start    ] GC(11) Pause Young (Normal) (G1 Evacuation Pause)
[2026-09-05T15:26:25.446+0900][15.650s][info][gc,task     ] GC(11) Using 8 workers of 8 for evacuation
[2026-09-05T15:26:25.459+0900][15.662s][info][gc,phases   ] GC(11)   Pre Evacuate Collection Set: 0.1ms
[2026-09-05T15:26:25.459+0900][15.662s][info][gc,phases   ] GC(11)   Merge Heap Roots: 0.1ms
[2026-09-05T15:26:25.459+0900][15.662s][info][gc,phases   ] GC(11)   Evacuate Collection Set: 10.6ms
[2026-09-05T15:26:25.459+0900][15.662s][info][gc,phases   ] GC(11)   Post Evacuate Collection Set: 1.4ms
[2026-09-05T15:26:25.459+0900][15.662s][info][gc,phases   ] GC(11)   Other: 0.1ms
[2026-09-05T15:26:25.459+0900][15.662s][info][gc,heap     ] GC(11) Eden regions: 288->0(287)
[2026-09-05T15:26:25.459+0900][15.662s][info][gc,heap     ] GC(11) Survivor regions: 19->20(39)
[2026-09-05T15:26:25.459+0900][15.662s][info][gc,heap     ] GC(11) Old regions: 3->3
[2026-09-05T15:26:25.459+0900][15.662s][info][gc,heap     ] GC(11) Humongous regions: 0->0
[2026-09-05T15:26:25.459+0900][15.662s][info][gc,metaspace] GC(11) Metaspace: 64469K(65216K)->64469K(65216K) NonClass: 55649K(56064K)->55649K(56064K) Class: 8820K(9152K)->8820K(9152K)
[2026-09-05T15:26:25.459+0900][15.662s][info][gc          ] GC(11) Pause Young (Normal) (G1 Evacuation Pause) 308M->21M(512M) 12.912ms
[2026-09-05T15:26:25.459+0900][15.662s][info][gc,cpu      ] GC(11) User=0.00s Sys=0.00s Real=0.01s
[2026-09-05T15:26:25.459+0900][15.662s][info][safepoint   ] Safepoint "G1CollectForAllocation", Time since last: 462226400 ns, Reaching safepoint: 3800 ns, Cleanup: 16900 ns, At safepoint: 13015600 ns, Leaving safepoint: 9300 ns, Total: 13045600 ns
[2026-09-05T15:26:26.460+0900][16.664s][info][safepoint   ] Safepoint "Cleanup", Time since last: 1000985300 ns, Reaching safepoint: 25200 ns, Cleanup: 38800 ns, At safepoint: 1700 ns, Leaving safepoint: 11100 ns, Total: 76800 ns
[2026-09-05T15:26:26.877+0900][17.081s][info][gc,start    ] GC(12) Pause Young (Normal) (G1 Evacuation Pause)
[2026-09-05T15:26:26.877+0900][17.081s][info][gc,task     ] GC(12) Using 8 workers of 8 for evacuation
[2026-09-05T15:26:26.889+0900][17.093s][info][gc,phases   ] GC(12)   Pre Evacuate Collection Set: 0.1ms
[2026-09-05T15:26:26.889+0900][17.093s][info][gc,phases   ] GC(12)   Merge Heap Roots: 0.1ms
[2026-09-05T15:26:26.889+0900][17.093s][info][gc,phases   ] GC(12)   Evacuate Collection Set: 9.8ms
[2026-09-05T15:26:26.889+0900][17.093s][info][gc,phases   ] GC(12)   Post Evacuate Collection Set: 1.6ms
[2026-09-05T15:26:26.889+0900][17.093s][info][gc,phases   ] GC(12)   Other: 0.1ms
[2026-09-05T15:26:26.889+0900][17.093s][info][gc,heap     ] GC(12) Eden regions: 287->0(288)
[2026-09-05T15:26:26.889+0900][17.093s][info][gc,heap     ] GC(12) Survivor regions: 20->19(39)
[2026-09-05T15:26:26.889+0900][17.093s][info][gc,heap     ] GC(12) Old regions: 3->3
[2026-09-05T15:26:26.889+0900][17.093s][info][gc,heap     ] GC(12) Humongous regions: 0->0
[2026-09-05T15:26:26.889+0900][17.093s][info][gc,metaspace] GC(12) Metaspace: 64596K(65344K)->64596K(65344K) NonClass: 55776K(56192K)->55776K(56192K) Class: 8820K(9152K)->8820K(9152K)
[2026-09-05T15:26:26.889+0900][17.093s][info][gc          ] GC(12) Pause Young (Normal) (G1 Evacuation Pause) 308M->21M(512M) 12.160ms
[2026-09-05T15:26:26.889+0900][17.093s][info][gc,cpu      ] GC(12) User=0.11s Sys=0.02s Real=0.01s
[2026-09-05T15:26:26.889+0900][17.093s][info][safepoint   ] Safepoint "G1CollectForAllocation", Time since last: 417155500 ns, Reaching safepoint: 18400 ns, Cleanup: 18500 ns, At safepoint: 12220000 ns, Leaving safepoint: 5500 ns, Total: 12262400 ns
[2026-09-05T15:26:27.893+0900][18.096s][info][safepoint   ] Safepoint "Cleanup", Time since last: 1003195300 ns, Reaching safepoint: 22100 ns, Cleanup: 43300 ns, At safepoint: 1500 ns, Leaving safepoint: 5100 ns, Total: 72000 ns
[2026-09-05T15:26:28.292+0900][18.496s][info][gc,start    ] GC(13) Pause Young (Normal) (G1 Evacuation Pause)
[2026-09-05T15:26:28.292+0900][18.496s][info][gc,task     ] GC(13) Using 8 workers of 8 for evacuation
[2026-09-05T15:26:28.304+0900][18.508s][info][gc,phases   ] GC(13)   Pre Evacuate Collection Set: 0.1ms
[2026-09-05T15:26:28.304+0900][18.508s][info][gc,phases   ] GC(13)   Merge Heap Roots: 0.1ms
[2026-09-05T15:26:28.304+0900][18.508s][info][gc,phases   ] GC(13)   Evacuate Collection Set: 9.7ms
[2026-09-05T15:26:28.304+0900][18.508s][info][gc,phases   ] GC(13)   Post Evacuate Collection Set: 1.5ms
[2026-09-05T15:26:28.304+0900][18.508s][info][gc,phases   ] GC(13)   Other: 0.1ms
[2026-09-05T15:26:28.304+0900][18.508s][info][gc,heap     ] GC(13) Eden regions: 288->0(288)
[2026-09-05T15:26:28.304+0900][18.508s][info][gc,heap     ] GC(13) Survivor regions: 19->19(39)
[2026-09-05T15:26:28.304+0900][18.508s][info][gc,heap     ] GC(13) Old regions: 3->3
[2026-09-05T15:26:28.304+0900][18.508s][info][gc,heap     ] GC(13) Humongous regions: 0->0
[2026-09-05T15:26:28.304+0900][18.508s][info][gc,metaspace] GC(13) Metaspace: 64848K(65600K)->64848K(65600K) NonClass: 56028K(56448K)->56028K(56448K) Class: 8820K(9152K)->8820K(9152K)
[2026-09-05T15:26:28.304+0900][18.508s][info][gc          ] GC(13) Pause Young (Normal) (G1 Evacuation Pause) 309M->21M(512M) 12.046ms
[2026-09-05T15:26:28.304+0900][18.508s][info][gc,cpu      ] GC(13) User=0.02s Sys=0.00s Real=0.01s
[2026-09-05T15:26:28.305+0900][18.508s][info][safepoint   ] Safepoint "G1CollectForAllocation", Time since last: 400111000 ns, Reaching safepoint: 4300 ns, Cleanup: 11800 ns, At safepoint: 12133600 ns, Leaving safepoint: 9800 ns, Total: 12159500 ns
[2026-09-05T15:26:29.309+0900][19.512s][info][safepoint   ] Safepoint "Cleanup", Time since last: 1003587400 ns, Reaching safepoint: 7100 ns, Cleanup: 26700 ns, At safepoint: 1400 ns, Leaving safepoint: 5500 ns, Total: 40700 ns
[2026-09-05T15:26:29.789+0900][19.993s][info][gc,start    ] GC(14) Pause Young (Normal) (G1 Evacuation Pause)
[2026-09-05T15:26:29.790+0900][19.993s][info][gc,task     ] GC(14) Using 8 workers of 8 for evacuation
[2026-09-05T15:26:29.801+0900][20.004s][info][gc,phases   ] GC(14)   Pre Evacuate Collection Set: 0.2ms
[2026-09-05T15:26:29.801+0900][20.004s][info][gc,phases   ] GC(14)   Merge Heap Roots: 0.1ms
[2026-09-05T15:26:29.801+0900][20.004s][info][gc,phases   ] GC(14)   Evacuate Collection Set: 9.4ms
[2026-09-05T15:26:29.801+0900][20.004s][info][gc,phases   ] GC(14)   Post Evacuate Collection Set: 1.6ms
[2026-09-05T15:26:29.801+0900][20.005s][info][gc,phases   ] GC(14)   Other: 0.1ms
[2026-09-05T15:26:29.801+0900][20.005s][info][gc,heap     ] GC(14) Eden regions: 288->0(288)
[2026-09-05T15:26:29.801+0900][20.005s][info][gc,heap     ] GC(14) Survivor regions: 19->19(39)
[2026-09-05T15:26:29.801+0900][20.005s][info][gc,heap     ] GC(14) Old regions: 3->3
[2026-09-05T15:26:29.801+0900][20.005s][info][gc,heap     ] GC(14) Humongous regions: 0->0
[2026-09-05T15:26:29.801+0900][20.005s][info][gc,metaspace] GC(14) Metaspace: 64885K(65664K)->64885K(65664K) NonClass: 56064K(56512K)->56064K(56512K) Class: 8820K(9152K)->8820K(9152K)
[2026-09-05T15:26:29.801+0900][20.005s][info][gc          ] GC(14) Pause Young (Normal) (G1 Evacuation Pause) 309M->21M(512M) 11.946ms
[2026-09-05T15:26:29.801+0900][20.005s][info][gc,cpu      ] GC(14) User=0.00s Sys=0.00s Real=0.01s
[2026-09-05T15:26:29.801+0900][20.005s][info][safepoint   ] Safepoint "G1CollectForAllocation", Time since last: 480585000 ns, Reaching safepoint: 4800 ns, Cleanup: 19100 ns, At safepoint: 12021300 ns, Leaving safepoint: 7500 ns, Total: 12052700 ns
[2026-09-05T15:26:30.808+0900][21.012s][info][safepoint   ] Safepoint "Cleanup", Time since last: 1006838800 ns, Reaching safepoint: 8200 ns, Cleanup: 36300 ns, At safepoint: 1400 ns, Leaving safepoint: 900 ns, Total: 46800 ns
[2026-09-05T15:26:31.245+0900][21.449s][info][gc,start    ] GC(15) Pause Young (Normal) (G1 Evacuation Pause)
[2026-09-05T15:26:31.245+0900][21.449s][info][gc,task     ] GC(15) Using 8 workers of 8 for evacuation
[2026-09-05T15:26:31.257+0900][21.461s][info][gc,phases   ] GC(15)   Pre Evacuate Collection Set: 0.1ms
[2026-09-05T15:26:31.257+0900][21.461s][info][gc,phases   ] GC(15)   Merge Heap Roots: 0.1ms
[2026-09-05T15:26:31.258+0900][21.461s][info][gc,phases   ] GC(15)   Evacuate Collection Set: 10.4ms
[2026-09-05T15:26:31.258+0900][21.461s][info][gc,phases   ] GC(15)   Post Evacuate Collection Set: 1.7ms
[2026-09-05T15:26:31.258+0900][21.461s][info][gc,phases   ] GC(15)   Other: 0.2ms
[2026-09-05T15:26:31.258+0900][21.461s][info][gc,heap     ] GC(15) Eden regions: 288->0(288)
[2026-09-05T15:26:31.258+0900][21.461s][info][gc,heap     ] GC(15) Survivor regions: 19->19(39)
[2026-09-05T15:26:31.258+0900][21.461s][info][gc,heap     ] GC(15) Old regions: 3->3
[2026-09-05T15:26:31.258+0900][21.462s][info][gc,heap     ] GC(15) Humongous regions: 0->0
[2026-09-05T15:26:31.258+0900][21.462s][info][gc,metaspace] GC(15) Metaspace: 64909K(65728K)->64909K(65728K) NonClass: 56089K(56576K)->56089K(56576K) Class: 8820K(9152K)->8820K(9152K)
[2026-09-05T15:26:31.258+0900][21.462s][info][gc          ] GC(15) Pause Young (Normal) (G1 Evacuation Pause) 309M->21M(512M) 13.050ms
[2026-09-05T15:26:31.258+0900][21.462s][info][gc,cpu      ] GC(15) User=0.02s Sys=0.00s Real=0.01s
[2026-09-05T15:26:31.258+0900][21.462s][info][safepoint   ] Safepoint "G1CollectForAllocation", Time since last: 436895900 ns, Reaching safepoint: 7400 ns, Cleanup: 6300 ns, At safepoint: 13149400 ns, Leaving safepoint: 8800 ns, Total: 13171900 ns
[2026-09-05T15:26:32.273+0900][22.476s][info][safepoint   ] Safepoint "Cleanup", Time since last: 1014419400 ns, Reaching safepoint: 35800 ns, Cleanup: 48200 ns, At safepoint: 1800 ns, Leaving safepoint: 9900 ns, Total: 95700 ns
[2026-09-05T15:26:32.728+0900][22.932s][info][gc,start    ] GC(16) Pause Young (Normal) (G1 Evacuation Pause)
[2026-09-05T15:26:32.728+0900][22.932s][info][gc,task     ] GC(16) Using 8 workers of 8 for evacuation
[2026-09-05T15:26:32.741+0900][22.944s][info][gc,phases   ] GC(16)   Pre Evacuate Collection Set: 0.1ms
[2026-09-05T15:26:32.741+0900][22.945s][info][gc,phases   ] GC(16)   Merge Heap Roots: 0.1ms
[2026-09-05T15:26:32.741+0900][22.945s][info][gc,phases   ] GC(16)   Evacuate Collection Set: 10.4ms
[2026-09-05T15:26:32.741+0900][22.945s][info][gc,phases   ] GC(16)   Post Evacuate Collection Set: 1.5ms
[2026-09-05T15:26:32.741+0900][22.945s][info][gc,phases   ] GC(16)   Other: 0.1ms
[2026-09-05T15:26:32.741+0900][22.945s][info][gc,heap     ] GC(16) Eden regions: 288->0(288)
[2026-09-05T15:26:32.741+0900][22.945s][info][gc,heap     ] GC(16) Survivor regions: 19->19(39)
[2026-09-05T15:26:32.741+0900][22.945s][info][gc,heap     ] GC(16) Old regions: 3->3
[2026-09-05T15:26:32.741+0900][22.945s][info][gc,heap     ] GC(16) Humongous regions: 0->0
[2026-09-05T15:26:32.741+0900][22.945s][info][gc,metaspace] GC(16) Metaspace: 64918K(65728K)->64918K(65728K) NonClass: 56097K(56576K)->56097K(56576K) Class: 8820K(9152K)->8820K(9152K)
[2026-09-05T15:26:32.741+0900][22.945s][info][gc          ] GC(16) Pause Young (Normal) (G1 Evacuation Pause) 309M->21M(512M) 12.914ms
[2026-09-05T15:26:32.741+0900][22.945s][info][gc,cpu      ] GC(16) User=0.00s Sys=0.00s Real=0.01s
[2026-09-05T15:26:32.741+0900][22.945s][info][safepoint   ] Safepoint "G1CollectForAllocation", Time since last: 455746700 ns, Reaching safepoint: 7200 ns, Cleanup: 14100 ns, At safepoint: 13016500 ns, Leaving safepoint: 11600 ns, Total: 13049400 ns
[2026-09-05T15:26:33.745+0900][23.949s][info][safepoint   ] Safepoint "Cleanup", Time since last: 1003732000 ns, Reaching safepoint: 26900 ns, Cleanup: 39700 ns, At safepoint: 1300 ns, Leaving safepoint: 7400 ns, Total: 75300 ns
[2026-09-05T15:26:34.143+0900][24.346s][info][gc,start    ] GC(17) Pause Young (Normal) (G1 Evacuation Pause)
[2026-09-05T15:26:34.143+0900][24.346s][info][gc,task     ] GC(17) Using 8 workers of 8 for evacuation
[2026-09-05T15:26:34.154+0900][24.357s][info][gc,phases   ] GC(17)   Pre Evacuate Collection Set: 0.2ms
[2026-09-05T15:26:34.154+0900][24.358s][info][gc,phases   ] GC(17)   Merge Heap Roots: 0.1ms
[2026-09-05T15:26:34.154+0900][24.358s][info][gc,phases   ] GC(17)   Evacuate Collection Set: 9.3ms
[2026-09-05T15:26:34.154+0900][24.358s][info][gc,phases   ] GC(17)   Post Evacuate Collection Set: 1.4ms
[2026-09-05T15:26:34.154+0900][24.358s][info][gc,phases   ] GC(17)   Other: 0.1ms
[2026-09-05T15:26:34.154+0900][24.358s][info][gc,heap     ] GC(17) Eden regions: 288->0(287)
[2026-09-05T15:26:34.154+0900][24.358s][info][gc,heap     ] GC(17) Survivor regions: 19->20(39)
[2026-09-05T15:26:34.154+0900][24.358s][info][gc,heap     ] GC(17) Old regions: 3->3
[2026-09-05T15:26:34.154+0900][24.358s][info][gc,heap     ] GC(17) Humongous regions: 0->0
[2026-09-05T15:26:34.154+0900][24.358s][info][gc,metaspace] GC(17) Metaspace: 64925K(65728K)->64925K(65728K) NonClass: 56104K(56576K)->56104K(56576K) Class: 8820K(9152K)->8820K(9152K)
[2026-09-05T15:26:34.154+0900][24.358s][info][gc          ] GC(17) Pause Young (Normal) (G1 Evacuation Pause) 309M->21M(512M) 11.561ms
[2026-09-05T15:26:34.154+0900][24.358s][info][gc,cpu      ] GC(17) User=0.12s Sys=0.00s Real=0.01s
[2026-09-05T15:26:34.154+0900][24.358s][info][safepoint   ] Safepoint "G1CollectForAllocation", Time since last: 397369900 ns, Reaching safepoint: 6500 ns, Cleanup: 18600 ns, At safepoint: 11654200 ns, Leaving safepoint: 6900 ns, Total: 11686200 ns
[2026-09-05T15:26:35.164+0900][25.367s][info][safepoint   ] Safepoint "Cleanup", Time since last: 1008979100 ns, Reaching safepoint: 40200 ns, Cleanup: 48600 ns, At safepoint: 1600 ns, Leaving safepoint: 11300 ns, Total: 101700 ns
[2026-09-05T15:26:35.288+0900][25.491s][info][gc,heap,exit] Heap
[2026-09-05T15:26:35.288+0900][25.492s][info][gc,heap,exit]  garbage-first heap   total 524288K, used 203033K [0x00000000e0000000, 0x0000000100000000)
[2026-09-05T15:26:35.288+0900][25.492s][info][gc,heap,exit]   region size 1024K, 197 young (201728K), 20 survivors (20480K)
[2026-09-05T15:26:35.288+0900][25.492s][info][gc,heap,exit]  Metaspace       used 65753K, committed 66624K, reserved 1114112K
[2026-09-05T15:26:35.288+0900][25.492s][info][gc,heap,exit]   class space    used 8918K, committed 9344K, reserved 1048576K
