[2026-09-05T15:26:35.489+0900][0.017s][info][gc,init] CardTable entry size: 512
[2026-09-05T15:26:35.489+0900][0.018s][info][gc     ] Using G1
[2026-09-05T15:26:35.493+0900][0.022s][info][gc,init] Version: 21.0.8+9-LTS (release)
[2026-09-05T15:26:35.493+0900][0.022s][info][gc,init] CPUs: 8 total, 8 available
[2026-09-05T15:26:35.493+0900][0.022s][info][gc,init] Memory: 7991M
[2026-09-05T15:26:35.494+0900][0.022s][info][gc,init] Large Page Support: Disabled
[2026-09-05T15:26:35.494+0900][0.022s][info][gc,init] NUMA Support: Disabled
[2026-09-05T15:26:35.494+0900][0.022s][info][gc,init] Compressed Oops: Enabled (32-bit)
[2026-09-05T15:26:35.494+0900][0.022s][info][gc,init] Heap Region Size: 1M
[2026-09-05T15:26:35.494+0900][0.023s][info][gc,init] Heap Min Capacity: 512M
[2026-09-05T15:26:35.494+0900][0.023s][info][gc,init] Heap Initial Capacity: 512M
[2026-09-05T15:26:35.494+0900][0.023s][info][gc,init] Heap Max Capacity: 512M
[2026-09-05T15:26:35.494+0900][0.023s][info][gc,init] Pre-touch: Disabled
[2026-09-05T15:26:35.494+0900][0.023s][info][gc,init] Parallel Workers: 8
[2026-09-05T15:26:35.494+0900][0.023s][info][gc,init] Concurrent Workers: 2
[2026-09-05T15:26:35.494+0900][0.023s][info][gc,init] Concurrent Refinement Workers: 8
[2026-09-05T15:26:35.494+0900][0.023s][info][gc,init] Periodic GC: Disabled
[2026-09-05T15:26:35.505+0900][0.033s][info][gc,metaspace] CDS archive(s) mapped at: [0x0000015add000000-0x0000015addc80000-0x0000015addc80000), size 13107200, SharedBaseAddress: 0x0000015add000000, ArchiveRelocationMode: 1.
[2026-09-05T15:26:35.505+0900][0.034s][info][gc,metaspace] Compressed class space mapped at: 0x0000015ade000000-0x0000015b1e000000, reserved size: 1073741824
[2026-09-05T15:26:35.505+0900][0.034s][info][gc,metaspace] Narrow klass base: 0x0000015add000000, Narrow klass shift: 0, Narrow klass range: 0x100000000
[2026-09-05T15:26:35.923+0900][0.453s][info][gc,start    ] GC(0) Pause Young (Normal) (G1 Evacuation Pause)
[2026-09-05T15:26:35.924+0900][0.454s][info][gc,task     ] GC(0) Using 8 workers of 8 for evacuation
[2026-09-05T15:26:35.927+0900][0.456s][info][gc,phases   ] GC(0)   Pre Evacuate Collection Set: 0.2ms
[2026-09-05T15:26:35.927+0900][0.456s][info][gc,phases   ] GC(0)   Merge Heap Roots: 0.1ms
[2026-09-05T15:26:35.927+0900][0.456s][info][gc,phases   ] GC(0)   Evacuate Collection Set: 1.7ms
[2026-09-05T15:26:35.927+0900][0.456s][info][gc,phases   ] GC(0)   Post Evacuate Collection Set: 0.4ms
[2026-09-05T15:26:35.927+0900][0.456s][info][gc,phases   ] GC(0)   Other: 1.1ms
[2026-09-05T15:26:35.927+0900][0.456s][info][gc,heap     ] GC(0) Eden regions: 25->0(36)
[2026-09-05T15:26:35.927+0900][0.456s][info][gc,heap     ] GC(0) Survivor regions: 0->3(4)
[2026-09-05T15:26:35.927+0900][0.456s][info][gc,heap     ] GC(0) Old regions: 0->0
[2026-09-05T15:26:35.927+0900][0.456s][info][gc,heap     ] GC(0) Humongous regions: 0->0
[2026-09-05T15:26:35.927+0900][0.456s][info][gc,metaspace] GC(0) Metaspace: 2408K(2624K)->2408K(2624K) NonClass: 2172K(2304K)->2172K(2304K) Class: 236K(320K)->236K(320K)
[2026-09-05T15:26:35.927+0900][0.456s][info][gc          ] GC(0) Pause Young (Normal) (G1 Evacuation Pause) 25M->2M(512M) 3.896ms
[2026-09-05T15:26:35.927+0900][0.456s][info][gc,cpu      ] GC(0) User=0.00s Sys=0.00s Real=0.00s
[2026-09-05T15:26:35.927+0900][0.457s][info][safepoint   ] Safepoint "G1CollectForAllocation", Time since last: 414232600 ns, Reaching safepoint: 10100 ns, Cleanup: 60100 ns, At safepoint: 3962400 ns, Leaving safepoint: 16300 ns, Total: 4048900 ns
[2026-09-05T15:26:36.595+0900][1.123s][info][safepoint   ] Safepoint "ICBufferFull", Time since last: 666855400 ns, Reaching safepoint: 3300 ns, Cleanup: 96200 ns, At safepoint: 800 ns, Leaving safepoint: 6500 ns, Total: 106800 ns
[2026-09-05T15:26:36.676+0900][1.205s][info][gc,start    ] GC(1) Pause Young (Normal) (G1 Evacuation Pause)
[2026-09-05T15:26:36.676+0900][1.205s][info][gc,task     ] GC(1) Using 8 workers of 8 for evacuation
[2026-09-05T15:26:36.680+0900][1.209s][info][gc,phases   ] GC(1)   Pre Evacuate Collection Set: 0.2ms
[2026-09-05T15:26:36.681+0900][1.209s][info][gc,phases   ] GC(1)   Merge Heap Roots: 0.1ms
[2026-09-05T15:26:36.681+0900][1.209s][info][gc,phases   ] GC(1)   Evacuate Collection Set: 3.1ms
[2026-09-05T15:26:36.681+0900][1.209s][info][gc,phases   ] GC(1)   Post Evacuate Collection Set: 0.7ms
[2026-09-05T15:26:36.681+0900][1.210s][info][gc,phases   ] GC(1)   Other: 0.1ms
[2026-09-05T15:26:36.681+0900][1.210s][info][gc,heap     ] GC(1) Eden regions: 36->0(302)
[2026-09-05T15:26:36.681+0900][1.210s][info][gc,heap     ] GC(1) Survivor regions: 3->5(5)
[2026-09-05T15:26:36.681+0900][1.210s][info][gc,heap     ] GC(1) Old regions: 0->0
[2026-09-05T15:26:36.681+0900][1.210s][info][gc,heap     ] GC(1) Humongous regions: 0->0
[2026-09-05T15:26:36.681+0900][1.210s][info][gc,metaspace] GC(1) Metaspace: 8091K(8384K)->8091K(8384K) NonClass: 7098K(7296K)->7098K(7296K) Class: 992K(1088K)->992K(1088K)
[2026-09-05T15:26:36.681+0900][1.210s][info][gc          ] GC(1) Pause Young (Normal) (G1 Evacuation Pause) 38M->4M(512M) 4.665ms
[2026-09-05T15:26:36.681+0900][1.210s][info][gc,cpu      ] GC(1) User=0.09s Sys=0.03s Real=0.00s
[2026-09-05T15:26:36.681+0900][1.210s][info][safepoint   ] Safepoint "G1CollectForAllocation", Time since last: 81464200 ns, Reaching safepoint: 5600 ns, Cleanup: 32500 ns, At safepoint: 4737400 ns, Leaving safepoint: 12700 ns, Total: 4788200 ns
[2026-09-05T15:26:36.968+0900][1.496s][info][safepoint   ] Safepoint "ICBufferFull", Time since last: 286289200 ns, Reaching safepoint: 2900 ns, Cleanup: 75900 ns, At safepoint: 700 ns, Leaving safepoint: 700 ns, Total: 80200 ns
[2026-09-05T15:26:37.495+0900][2.024s][info][safepoint   ] Safepoint "ICBufferFull", Time since last: 527885500 ns, Reaching safepoint: 3100 ns, Cleanup: 91700 ns, At safepoint: 600 ns, Leaving safepoint: 500 ns, Total: 95900 ns
[2026-09-05T15:26:37.765+0900][2.294s][info][safepoint   ] Safepoint "ICBufferFull", Time since last: 270164200 ns, Reaching safepoint: 3900 ns, Cleanup: 105700 ns, At safepoint: 1100 ns, Leaving safepoint: 600 ns, Total: 111300 ns
[2026-09-05T15:26:38.050+0900][2.579s][info][safepoint   ] Safepoint "ICBufferFull", Time since last: 284197300 ns, Reaching safepoint: 4300 ns, Cleanup: 123800 ns, At safepoint: 1000 ns, Leaving safepoint: 900 ns, Total: 130000 ns
[2026-09-05T15:26:38.438+0900][2.966s][info][safepoint   ] Safepoint "ICBufferFull", Time since last: 387373600 ns, Reaching safepoint: 5200 ns, Cleanup: 237600 ns, At safepoint: 800 ns, Leaving safepoint: 13800 ns, Total: 257400 ns
[2026-09-05T15:26:38.651+0900][3.180s][info][gc,start    ] GC(2) Pause Young (Concurrent Start) (Metadata GC Threshold)
[2026-09-05T15:26:38.651+0900][3.180s][info][gc,task     ] GC(2) Using 8 workers of 8 for evacuation
[2026-09-05T15:26:38.662+0900][3.191s][info][gc,phases   ] GC(2)   Pre Evacuate Collection Set: 0.2ms
[2026-09-05T15:26:38.662+0900][3.191s][info][gc,phases   ] GC(2)   Merge Heap Roots: 0.1ms
[2026-09-05T15:26:38.662+0900][3.191s][info][gc,phases   ] GC(2)   Evacuate Collection Set: 9.1ms
[2026-09-05T15:26:38.662+0900][3.191s][info][gc,phases   ] GC(2)   Post Evacuate Collection Set: 1.4ms
[2026-09-05T15:26:38.662+0900][3.191s][info][gc,phases   ] GC(2)   Other: 0.1ms
[2026-09-05T15:26:38.662+0900][3.191s][info][gc,heap     ] GC(2) Eden regions: 120->0(296)
[2026-09-05T15:26:38.662+0900][3.191s][info][gc,heap     ] GC(2) Survivor regions: 5->11(39)
[2026-09-05T15:26:38.662+0900][3.191s][info][gc,heap     ] GC(2) Old regions: 0->0
[2026-09-05T15:26:38.662+0900][3.191s][info][gc,heap     ] GC(2) Humongous regions: 0->0
[2026-09-05T15:26:38.662+0900][3.191s][info][gc,metaspace] GC(2) Metaspace: 21070K(21504K)->21070K(21504K) NonClass: 18374K(18624K)->18374K(18624K) Class: 2695K(2880K)->2695K(2880K)
[2026-09-05T15:26:38.662+0900][3.191s][info][gc          ] GC(2) Pause Young (Concurrent Start) (Metadata GC Threshold) 124M->10M(512M) 11.369ms
[2026-09-05T15:26:38.662+0900][3.191s][info][gc,cpu      ] GC(2) User=0.00s Sys=0.00s Real=0.01s
[2026-09-05T15:26:38.662+0900][3.191s][info][gc          ] GC(3) Concurrent Mark Cycle
[2026-09-05T15:26:38.662+0900][3.192s][info][safepoint   ] Safepoint "CollectForMetadataAllocation", Time since last: 213668300 ns, Reaching safepoint: 4000 ns, Cleanup: 75100 ns, At safepoint: 11463200 ns, Leaving safepoint: 15300 ns, Total: 11557600 ns
[2026-09-05T15:26:38.663+0900][3.192s][info][gc,marking  ] GC(3) Concurrent Scan Root Regions
[2026-09-05T15:26:38.670+0900][3.199s][info][gc,marking  ] GC(3) Concurrent Scan Root Regions 7.029ms
[2026-09-05T15:26:38.670+0900][3.199s][info][gc,marking  ] GC(3) Concurrent Mark
[2026-09-05T15:26:38.670+0900][3.199s][info][gc,marking  ] GC(3) Concurrent Mark From Roots
[2026-09-05T15:26:38.671+0900][3.199s][info][gc,task     ] GC(3) Using 2 workers of 2 for marking
[2026-09-05T15:26:38.671+0900][3.199s][info][gc,marking  ] GC(3) Concurrent Mark From Roots 0.203ms
[2026-09-05T15:26:38.671+0900][3.199s][info][gc,marking  ] GC(3) Concurrent Preclean
[2026-09-05T15:26:38.671+0900][3.199s][info][gc,marking  ] GC(3) Concurrent Preclean 0.040ms
[2026-09-05T15:26:38.671+0900][3.199s][info][gc,start    ] GC(3) Pause Remark
[2026-09-05T15:26:38.674+0900][3.202s][info][gc          ] GC(3) Pause Remark 12M->12M(512M) 2.807ms
[2026-09-05T15:26:38.674+0900][3.202s][info][gc,cpu      ] GC(3) User=0.00s Sys=0.00s Real=0.00s
[2026-09-05T15:26:38.674+0900][3.202s][info][safepoint   ] Safepoint "G1PauseRemark", Time since last: 7797000 ns, Reaching safepoint: 4600 ns, Cleanup: 11800 ns, At safepoint: 3022300 ns, Leaving safepoint: 18100 ns, Total: 3056800 ns
[2026-09-05T15:26:38.674+0900][3.202s][info][gc,marking  ] GC(3) Concurrent Mark 3.554ms
[2026-09-05T15:26:38.674+0900][3.203s][info][gc,marking  ] GC(3) Concurrent Rebuild Remembered Sets and Scrub Regions
[2026-09-05T15:26:38.674+0900][3.203s][info][gc,marking  ] GC(3) Concurrent Rebuild Remembered Sets and Scrub Regions 0.284ms
[2026-09-05T15:26:38.675+0900][3.203s][info][gc,start    ] GC(3) Pause Cleanup
[2026-09-05T15:26:38.675+0900][3.203s][info][gc          ] GC(3) Pause Cleanup 12M->12M(512M) 0.079ms
[2026-09-05T15:26:38.675+0900][3.203s][info][gc,cpu      ] GC(3) User=0.00s Sys=0.00s Real=0.00s
[2026-09-05T15:26:38.675+0900][3.203s][info][safepoint   ] Safepoint "G1PauseCleanup", Time since last: 560500 ns, Reaching safepoint: 138200 ns, Cleanup: 6400 ns, At safepoint: 158500 ns, Leaving safepoint: 10800 ns, Total: 313900 ns
[2026-09-05T15:26:38.675+0900][3.203s][info][gc,marking  ] GC(3) Concurrent Clear Claimed Marks
[2026-09-05T15:26:38.675+0900][3.203s][info][gc,marking  ] GC(3) Concurrent Clear Claimed Marks 0.076ms
[2026-09-05T15:26:38.675+0900][3.203s][info][gc,marking  ] GC(3) Concurrent Cleanup for Next Mark
[2026-09-05T15:26:38.679+0900][3.208s][info][gc,marking  ] GC(3) Concurrent Cleanup for Next Mark 4.520ms
[2026-09-05T15:26:38.679+0900][3.208s][info][gc          ] GC(3) Concurrent Mark Cycle 16.662ms
[2026-09-05T15:26:39.328+0900][3.857s][info][safepoint   ] Safepoint "ICBufferFull", Time since last: 653330700 ns, Reaching safepoint: 5100 ns, Cleanup: 117500 ns, At safepoint: 800 ns, Leaving safepoint: 8100 ns, Total: 131500 ns
[2026-09-05T15:26:39.823+0900][4.352s][info][safepoint   ] Safepoint "ICBufferFull", Time since last: 495030200 ns, Reaching safepoint: 45900 ns, Cleanup: 98700 ns, At safepoint: 800 ns, Leaving safepoint: 9700 ns, Total: 155100 ns
[2026-09-05T15:26:40.299+0900][4.827s][info][gc,start    ] GC(4) Pause Young (Concurrent Start) (Metadata GC Threshold)
[2026-09-05T15:26:40.299+0900][4.828s][info][gc,task     ] GC(4) Using 8 workers of 8 for evacuation
[2026-09-05T15:26:40.309+0900][4.839s][info][gc,phases   ] GC(4)   Pre Evacuate Collection Set: 0.2ms
[2026-09-05T15:26:40.310+0900][4.839s][info][gc,phases   ] GC(4)   Merge Heap Roots: 0.1ms
[2026-09-05T15:26:40.310+0900][4.839s][info][gc,phases   ] GC(4)   Evacuate Collection Set: 8.9ms
[2026-09-05T15:26:40.310+0900][4.839s][info][gc,phases   ] GC(4)   Post Evacuate Collection Set: 1.8ms
[2026-09-05T15:26:40.310+0900][4.839s][info][gc,phases   ] GC(4)   Other: 0.1ms
[2026-09-05T15:26:40.310+0900][4.839s][info][gc,heap     ] GC(4) Eden regions: 84->0(292)
[2026-09-05T15:26:40.310+0900][4.839s][info][gc,heap     ] GC(4) Survivor regions: 11->15(39)
[2026-09-05T15:26:40.310+0900][4.839s][info][gc,heap     ] GC(4) Old regions: 0->0
[2026-09-05T15:26:40.310+0900][4.839s][info][gc,heap     ] GC(4) Humongous regions: 0->0
[2026-09-05T15:26:40.310+0900][4.839s][info][gc,metaspace] GC(4) Metaspace: 35400K(35968K)->35400K(35968K) NonClass: 30851K(31168K)->30851K(31168K) Class: 4548K(4800K)->4548K(4800K)
[2026-09-05T15:26:40.310+0900][4.839s][info][gc          ] GC(4) Pause Young (Concurrent Start) (Metadata GC Threshold) 94M->14M(512M) 11.580ms
[2026-09-05T15:26:40.310+0900][4.839s][info][gc,cpu      ] GC(4) User=0.05s Sys=0.08s Real=0.01s
[2026-09-05T15:26:40.310+0900][4.839s][info][gc          ] GC(5) Concurrent Mark Cycle
[2026-09-05T15:26:40.310+0900][4.839s][info][safepoint   ] Safepoint "CollectForMetadataAllocation", Time since last: 475498600 ns, Reaching safepoint: 4600 ns, Cleanup: 45300 ns, At safepoint: 11684400 ns, Leaving safepoint: 13000 ns, Total: 11747300 ns
[2026-09-05T15:26:40.310+0900][4.839s][info][gc,marking  ] GC(5) Concurrent Scan Root Regions
[2026-09-05T15:26:40.317+0900][4.846s][info][gc,marking  ] GC(5) Concurrent Scan Root Regions 6.509ms
[2026-09-05T15:26:40.317+0900][4.846s][info][gc,marking  ] GC(5) Concurrent Mark
[2026-09-05T15:26:40.317+0900][4.846s][info][gc,marking  ] GC(5) Concurrent Mark From Roots
[2026-09-05T15:26:40.317+0900][4.846s][info][gc,task     ] GC(5) Using 2 workers of 2 for marking
[2026-09-05T15:26:40.317+0900][4.846s][info][gc,marking  ] GC(5) Concurrent Mark From Roots 0.175ms
[2026-09-05T15:26:40.317+0900][4.846s][info][gc,marking  ] GC(5) Concurrent Preclean
[2026-09-05T15:26:40.318+0900][4.846s][info][gc,marking  ] GC(5) Concurrent Preclean 0.033ms
[2026-09-05T15:26:40.318+0900][4.846s][info][gc,start    ] GC(5) Pause Remark
[2026-09-05T15:26:40.322+0900][4.850s][info][gc          ] GC(5) Pause Remark 16M->16M(512M) 4.179ms
[2026-09-05T15:26:40.322+0900][4.851s][info][gc,cpu      ] GC(5) User=0.11s Sys=0.00s Real=0.00s
[2026-09-05T15:26:40.322+0900][4.851s][info][safepoint   ] Safepoint "G1PauseRemark", Time since last: 7022000 ns, Reaching safepoint: 15400 ns, Cleanup: 5300 ns, At safepoint: 4353500 ns, Leaving safepoint: 7800 ns, Total: 4382000 ns
[2026-09-05T15:26:40.322+0900][4.851s][info][gc,marking  ] GC(5) Concurrent Mark 4.780ms
[2026-09-05T15:26:40.322+0900][4.851s][info][gc,marking  ] GC(5) Concurrent Rebuild Remembered Sets and Scrub Regions
[2026-09-05T15:26:40.322+0900][4.851s][info][gc,marking  ] GC(5) Concurrent Rebuild Remembered Sets and Scrub Regions 0.096ms
[2026-09-05T15:26:40.322+0900][4.851s][info][gc,start    ] GC(5) Pause Cleanup
[2026-09-05T15:26:40.322+0900][4.851s][info][gc          ] GC(5) Pause Cleanup 16M->16M(512M) 0.121ms
[2026-09-05T15:26:40.322+0900][4.851s][info][gc,cpu      ] GC(5) User=0.00s Sys=0.00s Real=0.00s
[2026-09-05T15:26:40.322+0900][4.851s][info][safepoint   ] Safepoint "G1PauseCleanup", Time since last: 225900 ns, Reaching safepoint: 4400 ns, Cleanup: 16100 ns, At safepoint: 201900 ns, Leaving safepoint: 12400 ns, Total: 234800 ns
[2026-09-05T15:26:40.322+0900][4.851s][info][gc,marking  ] GC(5) Concurrent Clear Claimed Marks
[2026-09-05T15:26:40.322+0900][4.851s][info][gc,marking  ] GC(5) Concurrent Clear Claimed Marks 0.069ms
[2026-09-05T15:26:40.323+0900][4.851s][info][gc,marking  ] GC(5) Concurrent Cleanup for Next Mark
[2026-09-05T15:26:40.323+0900][4.852s][info][gc,marking  ] GC(5) Concurrent Cleanup for Next Mark 0.694ms
[2026-09-05T15:26:40.323+0900][4.852s][info][gc          ] GC(5) Concurrent Mark Cycle 12.855ms
[2026-09-05T15:26:41.353+0900][5.881s][info][safepoint   ] Safepoint "Cleanup", Time since last: 1014323700 ns, Reaching safepoint: 15760500 ns, Cleanup: 130600 ns, At safepoint: 1800 ns, Leaving safepoint: 9900 ns, Total: 15902800 ns
[2026-09-05T15:26:41.924+0900][6.453s][info][safepoint   ] Safepoint "ICBufferFull", Time since last: 571648900 ns, Reaching safepoint: 4800 ns, Cleanup: 113300 ns, At safepoint: 1600 ns, Leaving safepoint: 900 ns, Total: 120600 ns
[2026-09-05T15:26:42.735+0900][7.264s][info][safepoint   ] Safepoint "ICBufferFull", Time since last: 810507600 ns, Reaching safepoint: 269800 ns, Cleanup: 107300 ns, At safepoint: 900 ns, Leaving safepoint: 9900 ns, Total: 387900 ns
[2026-09-05T15:26:42.906+0900][7.434s][info][gc,start    ] GC(6) Pause Young (Concurrent Start) (Metadata GC Threshold)
[2026-09-05T15:26:42.906+0900][7.434s][info][gc,task     ] GC(6) Using 8 workers of 8 for evacuation
[2026-09-05T15:26:42.925+0900][7.453s][info][gc,phases   ] GC(6)   Pre Evacuate Collection Set: 0.4ms
[2026-09-05T15:26:42.925+0900][7.454s][info][gc,phases   ] GC(6)   Merge Heap Roots: 0.1ms
[2026-09-05T15:26:42.925+0900][7.454s][info][gc,phases   ] GC(6)   Evacuate Collection Set: 16.0ms
[2026-09-05T15:26:42.925+0900][7.454s][info][gc,phases   ] GC(6)   Post Evacuate Collection Set: 2.2ms
[2026-09-05T15:26:42.925+0900][7.454s][info][gc,phases   ] GC(6)   Other: 0.2ms
[2026-09-05T15:26:42.925+0900][7.454s][info][gc,heap     ] GC(6) Eden regions: 178->0(287)
[2026-09-05T15:26:42.925+0900][7.454s][info][gc,heap     ] GC(6) Survivor regions: 15->20(39)
[2026-09-05T15:26:42.925+0900][7.454s][info][gc,heap     ] GC(6) Old regions: 0->0
[2026-09-05T15:26:42.925+0900][7.454s][info][gc,heap     ] GC(6) Humongous regions: 0->0
[2026-09-05T15:26:42.925+0900][7.454s][info][gc,metaspace] GC(6) Metaspace: 59360K(60096K)->59360K(60096K) NonClass: 51160K(51584K)->51160K(51584K) Class: 8200K(8512K)->8200K(8512K)
[2026-09-05T15:26:42.925+0900][7.454s][info][gc          ] GC(6) Pause Young (Concurrent Start) (Metadata GC Threshold) 192M->19M(512M) 19.610ms
[2026-09-05T15:26:42.925+0900][7.454s][info][gc,cpu      ] GC(6) User=0.05s Sys=0.06s Real=0.02s
[2026-09-05T15:26:42.925+0900][7.454s][info][gc          ] GC(7) Concurrent Mark Cycle
[2026-09-05T15:26:42.926+0900][7.454s][info][safepoint   ] Safepoint "CollectForMetadataAllocation", Time since last: 170361600 ns, Reaching safepoint: 6800 ns, Cleanup: 30700 ns, At safepoint: 19737200 ns, Leaving safepoint: 11000 ns, Total: 19785700 ns
[2026-09-05T15:26:42.926+0900][7.454s][info][gc,marking  ] GC(7) Concurrent Scan Root Regions
[2026-09-05T15:26:42.937+0900][7.466s][info][gc,marking  ] GC(7) Concurrent Scan Root Regions 11.567ms
[2026-09-05T15:26:42.937+0900][7.466s][info][gc,marking  ] GC(7) Concurrent Mark
[2026-09-05T15:26:42.937+0900][7.466s][info][gc,marking  ] GC(7) Concurrent Mark From Roots
[2026-09-05T15:26:42.937+0900][7.466s][info][gc,task     ] GC(7) Using 2 workers of 2 for marking
[2026-09-05T15:26:42.938+0900][7.466s][info][gc,marking  ] GC(7) Concurrent Mark From Roots 0.235ms
[2026-09-05T15:26:42.938+0900][7.466s][info][gc,marking  ] GC(7) Concurrent Preclean
[2026-09-05T15:26:42.938+0900][7.466s][info][gc,marking  ] GC(7) Concurrent Preclean 0.026ms
[2026-09-05T15:26:42.938+0900][7.466s][info][gc,start    ] GC(7) Pause Remark
[2026-09-05T15:26:42.941+0900][7.470s][info][gc          ] GC(7) Pause Remark 22M->22M(512M) 3.398ms
[2026-09-05T15:26:42.941+0900][7.470s][info][gc,cpu      ] GC(7) User=0.00s Sys=0.00s Real=0.00s
[2026-09-05T15:26:42.941+0900][7.470s][info][safepoint   ] Safepoint "G1PauseRemark", Time since last: 12207700 ns, Reaching safepoint: 17600 ns, Cleanup: 4400 ns, At safepoint: 3574200 ns, Leaving safepoint: 16000 ns, Total: 3612200 ns
[2026-09-05T15:26:42.941+0900][7.470s][info][gc,marking  ] GC(7) Concurrent Mark 4.124ms
[2026-09-05T15:26:42.941+0900][7.470s][info][gc,marking  ] GC(7) Concurrent Rebuild Remembered Sets and Scrub Regions
[2026-09-05T15:26:42.941+0900][7.470s][info][gc,marking  ] GC(7) Concurrent Rebuild Remembered Sets and Scrub Regions 0.074ms
[2026-09-05T15:26:42.942+0900][7.470s][info][gc,start    ] GC(7) Pause Cleanup
[2026-09-05T15:26:42.942+0900][7.470s][info][gc          ] GC(7) Pause Cleanup 22M->22M(512M) 0.046ms
[2026-09-05T15:26:42.942+0900][7.470s][info][gc,cpu      ] GC(7) User=0.00s Sys=0.00s Real=0.00s
[2026-09-05T15:26:42.942+0900][7.470s][info][safepoint   ] Safepoint "G1PauseCleanup", Time since last: 304500 ns, Reaching safepoint: 14000 ns, Cleanup: 6800 ns, At safepoint: 99600 ns, Leaving safepoint: 4500 ns, Total: 124900 ns
[2026-09-05T15:26:42.942+0900][7.470s][info][gc,marking  ] GC(7) Concurrent Clear Claimed Marks
[2026-09-05T15:26:42.942+0900][7.470s][info][gc,marking  ] GC(7) Concurrent Clear Claimed Marks 0.105ms
[2026-09-05T15:26:42.942+0900][7.470s][info][gc,marking  ] GC(7) Concurrent Cleanup for Next Mark
[2026-09-05T15:26:42.943+0900][7.471s][info][gc,marking  ] GC(7) Concurrent Cleanup for Next Mark 0.690ms
[2026-09-05T15:26:42.943+0900][7.471s][info][gc          ] GC(7) Concurrent Mark Cycle 17.269ms
[2026-09-05T15:26:43.413+0900][7.942s][info][safepoint   ] Safepoint "ICBufferFull", Time since last: 471642500 ns, Reaching safepoint: 5000 ns, Cleanup: 105500 ns, At safepoint: 900 ns, Leaving safepoint: 7300 ns, Total: 118700 ns
[2026-09-05T15:26:44.236+0900][8.765s][info][safepoint   ] Safepoint "ICBufferFull", Time since last: 822342700 ns, Reaching safepoint: 5600 ns, Cleanup: 108400 ns, At safepoint: 1200 ns, Leaving safepoint: 6100 ns, Total: 121300 ns
[2026-09-05T15:26:45.238+0900][9.767s][info][safepoint   ] Safepoint "Cleanup", Time since last: 1001964200 ns, Reaching safepoint: 37400 ns, Cleanup: 73700 ns, At safepoint: 1400 ns, Leaving safepoint: 20800 ns, Total: 133300 ns
[2026-09-05T15:26:45.723+0900][10.251s][info][gc,start    ] GC(8) Pause Young (Normal) (G1 Evacuation Pause)
[2026-09-05T15:26:45.723+0900][10.252s][info][gc,task     ] GC(8) Using 8 workers of 8 for evacuation
[2026-09-05T15:26:45.743+0900][10.272s][info][gc,phases   ] GC(8)   Pre Evacuate Collection Set: 0.2ms
[2026-09-05T15:26:45.743+0900][10.272s][info][gc,phases   ] GC(8)   Merge Heap Roots: 0.1ms
[2026-09-05T15:26:45.743+0900][10.272s][info][gc,phases   ] GC(8)   Evacuate Collection Set: 16.0ms
[2026-09-05T15:26:45.743+0900][10.272s][info][gc,phases   ] GC(8)   Post Evacuate Collection Set: 3.7ms
[2026-09-05T15:26:45.743+0900][10.272s][info][gc,phases   ] GC(8)   Other: 0.2ms
[2026-09-05T15:26:45.744+0900][10.272s][info][gc,heap     ] GC(8) Eden regions: 287->0(285)
[2026-09-05T15:26:45.744+0900][10.272s][info][gc,heap     ] GC(8) Survivor regions: 20->22(39)
[2026-09-05T15:26:45.744+0900][10.272s][info][gc,heap     ] GC(8) Old regions: 0->0
[2026-09-05T15:26:45.744+0900][10.272s][info][gc,heap     ] GC(8) Humongous regions: 0->0
[2026-09-05T15:26:45.744+0900][10.272s][info][gc,metaspace] GC(8) Metaspace: 64057K(64768K)->64057K(64768K) NonClass: 55229K(55616K)->55229K(55616K) Class: 8827K(9152K)->8827K(9152K)
[2026-09-05T15:26:45.744+0900][10.272s][info][gc          ] GC(8) Pause Young (Normal) (G1 Evacuation Pause) 306M->22M(512M) 21.063ms
[2026-09-05T15:26:45.744+0900][10.272s][info][gc,cpu      ] GC(8) User=0.14s Sys=0.02s Real=0.02s
[2026-09-05T15:26:45.744+0900][10.273s][info][safepoint   ] Safepoint "G1CollectForAllocation", Time since last: 484650000 ns, Reaching safepoint: 4900 ns, Cleanup: 39000 ns, At safepoint: 21202100 ns, Leaving safepoint: 12900 ns, Total: 21258900 ns
[2026-09-05T15:26:46.745+0900][11.273s][info][safepoint   ] Safepoint "Cleanup", Time since last: 1000562900 ns, Reaching safepoint: 18200 ns, Cleanup: 34000 ns, At safepoint: 1200 ns, Leaving safepoint: 13600 ns, Total: 67000 ns
[2026-09-05T15:26:47.392+0900][11.921s][info][gc,start    ] GC(9) Pause Young (Normal) (G1 Evacuation Pause)
[2026-09-05T15:26:47.392+0900][11.921s][info][gc,task     ] GC(9) Using 8 workers of 8 for evacuation
[2026-09-05T15:26:47.408+0900][11.937s][info][gc,phases   ] GC(9)   Pre Evacuate Collection Set: 0.1ms
[2026-09-05T15:26:47.408+0900][11.937s][info][gc,phases   ] GC(9)   Merge Heap Roots: 0.1ms
[2026-09-05T15:26:47.408+0900][11.937s][info][gc,phases   ] GC(9)   Evacuate Collection Set: 13.3ms
[2026-09-05T15:26:47.408+0900][11.937s][info][gc,phases   ] GC(9)   Post Evacuate Collection Set: 2.1ms
[2026-09-05T15:26:47.408+0900][11.937s][info][gc,phases   ] GC(9)   Other: 0.1ms
[2026-09-05T15:26:47.408+0900][11.937s][info][gc,heap     ] GC(9) Eden regions: 285->0(288)
[2026-09-05T15:26:47.408+0900][11.937s][info][gc,heap     ] GC(9) Survivor regions: 22->19(39)
[2026-09-05T15:26:47.408+0900][11.937s][info][gc,heap     ] GC(9) Old regions: 0->3
[2026-09-05T15:26:47.408+0900][11.937s][info][gc,heap     ] GC(9) Humongous regions: 0->0
[2026-09-05T15:26:47.408+0900][11.937s][info][gc,metaspace] GC(9) Metaspace: 64210K(64960K)->64210K(64960K) NonClass: 55378K(55808K)->55378K(55808K) Class: 8832K(9152K)->8832K(9152K)
[2026-09-05T15:26:47.408+0900][11.937s][info][gc          ] GC(9) Pause Young (Normal) (G1 Evacuation Pause) 307M->20M(512M) 16.222ms
[2026-09-05T15:26:47.408+0900][11.937s][info][gc,cpu      ] GC(9) User=0.12s Sys=0.00s Real=0.02s
[2026-09-05T15:26:47.408+0900][11.937s][info][safepoint   ] Safepoint "G1CollectForAllocation", Time since last: 647682700 ns, Reaching safepoint: 5600 ns, Cleanup: 21600 ns, At safepoint: 16295900 ns, Leaving safepoint: 10500 ns, Total: 16333600 ns
[2026-09-05T15:26:48.423+0900][12.952s][info][safepoint   ] Safepoint "Cleanup", Time since last: 1014192100 ns, Reaching safepoint: 36700 ns, Cleanup: 211500 ns, At safepoint: 5000 ns, Leaving safepoint: 15100 ns, Total: 268300 ns
[2026-09-05T15:26:48.966+0900][13.495s][info][gc,start    ] GC(10) Pause Young (Normal) (G1 Evacuation Pause)
[2026-09-05T15:26:48.966+0900][13.495s][info][gc,task     ] GC(10) Using 8 workers of 8 for evacuation
[2026-09-05T15:26:48.978+0900][13.507s][info][gc,phases   ] GC(10)   Pre Evacuate Collection Set: 0.2ms
[2026-09-05T15:26:48.978+0900][13.507s][info][gc,phases   ] GC(10)   Merge Heap Roots: 0.1ms
[2026-09-05T15:26:48.978+0900][13.507s][info][gc,phases   ] GC(10)   Evacuate Collection Set: 10.0ms
[2026-09-05T15:26:48.978+0900][13.507s][info][gc,phases   ] GC(10)   Post Evacuate Collection Set: 1.4ms
[2026-09-05T15:26:48.978+0900][13.507s][info][gc,phases   ] GC(10)   Other: 0.1ms
[2026-09-05T15:26:48.978+0900][13.507s][info][gc,heap     ] GC(10) Eden regions: 288->0(287)
[2026-09-05T15:26:48.978+0900][13.507s][info][gc,heap     ] GC(10) Survivor regions: 19->20(39)
[2026-09-05T15:26:48.978+0900][13.507s][info][gc,heap     ] GC(10) Old regions: 3->3
[2026-09-05T15:26:48.978+0900][13.507s][info][gc,heap     ] GC(10) Humongous regions: 0->0
[2026-09-05T15:26:48.978+0900][13.507s][info][gc,metaspace] GC(10) Metaspace: 64444K(65216K)->64444K(65216K) NonClass: 55611K(56064K)->55611K(56064K) Class: 8832K(9152K)->8832K(9152K)
[2026-09-05T15:26:48.978+0900][13.507s][info][gc          ] GC(10) Pause Young (Normal) (G1 Evacuation Pause) 308M->21M(512M) 12.308ms
[2026-09-05T15:26:48.978+0900][13.507s][info][gc,cpu      ] GC(10) User=0.03s Sys=0.00s Real=0.01s
[2026-09-05T15:26:48.978+0900][13.507s][info][safepoint   ] Safepoint "G1CollectForAllocation", Time since last: 542856400 ns, Reaching safepoint: 5000 ns, Cleanup: 37900 ns, At safepoint: 12388800 ns, Leaving safepoint: 8200 ns, Total: 12439900 ns
[2026-09-05T15:26:50.568+0900][15.097s][info][gc,start    ] GC(11) Pause Young (Normal) (G1 Evacuation Pause)
[2026-09-05T15:26:50.568+0900][15.097s][info][gc,task     ] GC(11) Using 8 workers of 8 for evacuation
[2026-09-05T15:26:50.579+0900][15.108s][info][gc,phases   ] GC(11)   Pre Evacuate Collection Set: 0.1ms
[2026-09-05T15:26:50.579+0900][15.108s][info][gc,phases   ] GC(11)   Merge Heap Roots: 0.1ms
[2026-09-05T15:26:50.579+0900][15.108s][info][gc,phases   ] GC(11)   Evacuate Collection Set: 9.3ms
[2026-09-05T15:26:50.579+0900][15.108s][info][gc,phases   ] GC(11)   Post Evacuate Collection Set: 1.5ms
[2026-09-05T15:26:50.579+0900][15.108s][info][gc,phases   ] GC(11)   Other: 0.1ms
[2026-09-05T15:26:50.579+0900][15.108s][info][gc,heap     ] GC(11) Eden regions: 287->0(288)
[2026-09-05T15:26:50.579+0900][15.108s][info][gc,heap     ] GC(11) Survivor regions: 20->19(39)
[2026-09-05T15:26:50.579+0900][15.108s][info][gc,heap     ] GC(11) Old regions: 3->3
[2026-09-05T15:26:50.579+0900][15.108s][info][gc,heap     ] GC(11) Humongous regions: 0->0
[2026-09-05T15:26:50.579+0900][15.108s][info][gc,metaspace] GC(11) Metaspace: 64609K(65344K)->64609K(65344K) NonClass: 55776K(56192K)->55776K(56192K) Class: 8832K(9152K)->8832K(9152K)
[2026-09-05T15:26:50.579+0900][15.108s][info][gc          ] GC(11) Pause Young (Normal) (G1 Evacuation Pause) 308M->21M(512M) 11.524ms
[2026-09-05T15:26:50.579+0900][15.108s][info][gc,cpu      ] GC(11) User=0.12s Sys=0.00s Real=0.01s
[2026-09-05T15:26:50.579+0900][15.108s][info][safepoint   ] Safepoint "G1CollectForAllocation", Time since last: 1589706400 ns, Reaching safepoint: 5300 ns, Cleanup: 53700 ns, At safepoint: 11606100 ns, Leaving safepoint: 9800 ns, Total: 11674900 ns
[2026-09-05T15:26:51.593+0900][16.121s][info][safepoint   ] Safepoint "Cleanup", Time since last: 1013076400 ns, Reaching safepoint: 7000 ns, Cleanup: 34000 ns, At safepoint: 1500 ns, Leaving safepoint: 6700 ns, Total: 49200 ns
[2026-09-05T15:26:52.131+0900][16.660s][info][gc,start    ] GC(12) Pause Young (Normal) (G1 Evacuation Pause)
[2026-09-05T15:26:52.131+0900][16.660s][info][gc,task     ] GC(12) Using 8 workers of 8 for evacuation
[2026-09-05T15:26:52.143+0900][16.672s][info][gc,phases   ] GC(12)   Pre Evacuate Collection Set: 0.2ms
[2026-09-05T15:26:52.143+0900][16.672s][info][gc,phases   ] GC(12)   Merge Heap Roots: 0.1ms
[2026-09-05T15:26:52.143+0900][16.672s][info][gc,phases   ] GC(12)   Evacuate Collection Set: 10.0ms
[2026-09-05T15:26:52.143+0900][16.672s][info][gc,phases   ] GC(12)   Post Evacuate Collection Set: 1.4ms
[2026-09-05T15:26:52.143+0900][16.672s][info][gc,phases   ] GC(12)   Other: 0.1ms
[2026-09-05T15:26:52.143+0900][16.672s][info][gc,heap     ] GC(12) Eden regions: 288->0(288)
[2026-09-05T15:26:52.143+0900][16.672s][info][gc,heap     ] GC(12) Survivor regions: 19->19(39)
[2026-09-05T15:26:52.143+0900][16.672s][info][gc,heap     ] GC(12) Old regions: 3->3
[2026-09-05T15:26:52.143+0900][16.672s][info][gc,heap     ] GC(12) Humongous regions: 0->0
[2026-09-05T15:26:52.143+0900][16.672s][info][gc,metaspace] GC(12) Metaspace: 64645K(65344K)->64645K(65344K) NonClass: 55812K(56192K)->55812K(56192K) Class: 8832K(9152K)->8832K(9152K)
[2026-09-05T15:26:52.143+0900][16.672s][info][gc          ] GC(12) Pause Young (Normal) (G1 Evacuation Pause) 309M->21M(512M) 12.134ms
[2026-09-05T15:26:52.143+0900][16.672s][info][gc,cpu      ] GC(12) User=0.12s Sys=0.00s Real=0.01s
[2026-09-05T15:26:52.143+0900][16.672s][info][safepoint   ] Safepoint "G1CollectForAllocation", Time since last: 538328000 ns, Reaching safepoint: 5800 ns, Cleanup: 30500 ns, At safepoint: 12196900 ns, Leaving safepoint: 6200 ns, Total: 12239400 ns
[2026-09-05T15:26:53.147+0900][17.676s][info][safepoint   ] Safepoint "Cleanup", Time since last: 1003848100 ns, Reaching safepoint: 18300 ns, Cleanup: 37400 ns, At safepoint: 1800 ns, Leaving safepoint: 11500 ns, Total: 69000 ns
[2026-09-05T15:26:53.645+0900][18.174s][info][gc,start    ] GC(13) Pause Young (Normal) (G1 Evacuation Pause)
[2026-09-05T15:26:53.645+0900][18.174s][info][gc,task     ] GC(13) Using 8 workers of 8 for evacuation
[2026-09-05T15:26:53.656+0900][18.185s][info][gc,phases   ] GC(13)   Pre Evacuate Collection Set: 0.2ms
[2026-09-05T15:26:53.656+0900][18.185s][info][gc,phases   ] GC(13)   Merge Heap Roots: 0.1ms
[2026-09-05T15:26:53.656+0900][18.186s][info][gc,phases   ] GC(13)   Evacuate Collection Set: 9.7ms
[2026-09-05T15:26:53.656+0900][18.186s][info][gc,phases   ] GC(13)   Post Evacuate Collection Set: 1.5ms
[2026-09-05T15:26:53.656+0900][18.186s][info][gc,phases   ] GC(13)   Other: 0.1ms
[2026-09-05T15:26:53.656+0900][18.186s][info][gc,heap     ] GC(13) Eden regions: 288->0(287)
[2026-09-05T15:26:53.656+0900][18.186s][info][gc,heap     ] GC(13) Survivor regions: 19->20(39)
[2026-09-05T15:26:53.656+0900][18.186s][info][gc,heap     ] GC(13) Old regions: 3->3
[2026-09-05T15:26:53.656+0900][18.186s][info][gc,heap     ] GC(13) Humongous regions: 0->0
[2026-09-05T15:26:53.656+0900][18.186s][info][gc,metaspace] GC(13) Metaspace: 64911K(65664K)->64911K(65664K) NonClass: 56078K(56512K)->56078K(56512K) Class: 8832K(9152K)->8832K(9152K)
[2026-09-05T15:26:53.657+0900][18.186s][info][gc          ] GC(13) Pause Young (Normal) (G1 Evacuation Pause) 309M->21M(512M) 12.025ms
[2026-09-05T15:26:53.657+0900][18.186s][info][gc,cpu      ] GC(13) User=0.12s Sys=0.00s Real=0.01s
[2026-09-05T15:26:53.657+0900][18.186s][info][safepoint   ] Safepoint "G1CollectForAllocation", Time since last: 497760400 ns, Reaching safepoint: 5000 ns, Cleanup: 17600 ns, At safepoint: 12108300 ns, Leaving safepoint: 7900 ns, Total: 12138800 ns
[2026-09-05T15:26:54.669+0900][19.197s][info][safepoint   ] Safepoint "Cleanup", Time since last: 1011359900 ns, Reaching safepoint: 7500 ns, Cleanup: 32500 ns, At safepoint: 1400 ns, Leaving safepoint: 900 ns, Total: 42300 ns
[2026-09-05T15:26:55.206+0900][19.735s][info][gc,start    ] GC(14) Pause Young (Normal) (G1 Evacuation Pause)
[2026-09-05T15:26:55.206+0900][19.735s][info][gc,task     ] GC(14) Using 8 workers of 8 for evacuation
[2026-09-05T15:26:55.217+0900][19.746s][info][gc,phases   ] GC(14)   Pre Evacuate Collection Set: 0.1ms
[2026-09-05T15:26:55.217+0900][19.746s][info][gc,phases   ] GC(14)   Merge Heap Roots: 0.1ms
[2026-09-05T15:26:55.217+0900][19.746s][info][gc,phases   ] GC(14)   Evacuate Collection Set: 9.4ms
[2026-09-05T15:26:55.217+0900][19.746s][info][gc,phases   ] GC(14)   Post Evacuate Collection Set: 1.5ms
[2026-09-05T15:26:55.217+0900][19.746s][info][gc,phases   ] GC(14)   Other: 0.1ms
[2026-09-05T15:26:55.217+0900][19.746s][info][gc,heap     ] GC(14) Eden regions: 287->0(288)
[2026-09-05T15:26:55.217+0900][19.746s][info][gc,heap     ] GC(14) Survivor regions: 20->19(39)
[2026-09-05T15:26:55.217+0900][19.746s][info][gc,heap     ] GC(14) Old regions: 3->3
[2026-09-05T15:26:55.217+0900][19.746s][info][gc,heap     ] GC(14) Humongous regions: 0->0
[2026-09-05T15:26:55.217+0900][19.746s][info][gc,metaspace] GC(14) Metaspace: 64937K(65728K)->64937K(65728K) NonClass: 56104K(56576K)->56104K(56576K) Class: 8832K(9152K)->8832K(9152K)
[2026-09-05T15:26:55.217+0900][19.746s][info][gc          ] GC(14) Pause Young (Normal) (G1 Evacuation Pause) 308M->21M(512M) 11.689ms
[2026-09-05T15:26:55.217+0900][19.747s][info][gc,cpu      ] GC(14) User=0.12s Sys=0.00s Real=0.01s
[2026-09-05T15:26:55.217+0900][19.747s][info][safepoint   ] Safepoint "G1CollectForAllocation", Time since last: 537490300 ns, Reaching safepoint: 5600 ns, Cleanup: 27000 ns, At safepoint: 11764800 ns, Leaving safepoint: 9200 ns, Total: 11806600 ns
[2026-09-05T15:26:56.220+0900][20.749s][info][safepoint   ] Safepoint "Cleanup", Time since last: 1002297700 ns, Reaching safepoint: 92500 ns, Cleanup: 24100 ns, At safepoint: 1200 ns, Leaving safepoint: 4100 ns, Total: 121900 ns
[2026-09-05T15:26:56.703+0900][21.232s][info][gc,start    ] GC(15) Pause Young (Normal) (G1 Evacuation Pause)
[2026-09-05T15:26:56.704+0900][21.232s][info][gc,task     ] GC(15) Using 8 workers of 8 for evacuation
[2026-09-05T15:26:56.715+0900][21.244s][info][gc,phases   ] GC(15)   Pre Evacuate Collection Set: 0.1ms
[2026-09-05T15:26:56.715+0900][21.244s][info][gc,phases   ] GC(15)   Merge Heap Roots: 0.1ms
[2026-09-05T15:26:56.715+0900][21.244s][info][gc,phases   ] GC(15)   Evacuate Collection Set: 9.8ms
[2026-09-05T15:26:56.715+0900][21.244s][info][gc,phases   ] GC(15)   Post Evacuate Collection Set: 1.7ms
[2026-09-05T15:26:56.715+0900][21.244s][info][gc,phases   ] GC(15)   Other: 0.1ms
[2026-09-05T15:26:56.715+0900][21.244s][info][gc,heap     ] GC(15) Eden regions: 288->0(287)
[2026-09-05T15:26:56.715+0900][21.244s][info][gc,heap     ] GC(15) Survivor regions: 19->20(39)
[2026-09-05T15:26:56.716+0900][21.244s][info][gc,heap     ] GC(15) Old regions: 3->3
[2026-09-05T15:26:56.716+0900][21.244s][info][gc,heap     ] GC(15) Humongous regions: 0->0
[2026-09-05T15:26:56.716+0900][21.244s][info][gc,metaspace] GC(15) Metaspace: 64965K(65728K)->64965K(65728K) NonClass: 56131K(56576K)->56131K(56576K) Class: 8833K(9152K)->8833K(9152K)
[2026-09-05T15:26:56.716+0900][21.244s][info][gc          ] GC(15) Pause Young (Normal) (G1 Evacuation Pause) 309M->22M(512M) 12.332ms
[2026-09-05T15:26:56.716+0900][21.244s][info][gc,cpu      ] GC(15) User=0.09s Sys=0.03s Real=0.01s
[2026-09-05T15:26:56.716+0900][21.244s][info][safepoint   ] Safepoint "G1CollectForAllocation", Time since last: 482898600 ns, Reaching safepoint: 6700 ns, Cleanup: 31400 ns, At safepoint: 12413900 ns, Leaving safepoint: 7500 ns, Total: 12459500 ns
[2026-09-05T15:26:57.729+0900][22.257s][info][safepoint   ] Safepoint "Cleanup", Time since last: 1012639100 ns, Reaching safepoint: 171300 ns, Cleanup: 25400 ns, At safepoint: 1300 ns, Leaving safepoint: 1500 ns, Total: 199500 ns
[2026-09-05T15:26:59.090+0900][23.619s][info][gc,start    ] GC(16) Pause Young (Normal) (G1 Evacuation Pause)
[2026-09-05T15:26:59.090+0900][23.619s][info][gc,task     ] GC(16) Using 8 workers of 8 for evacuation
[2026-09-05T15:26:59.105+0900][23.633s][info][gc,phases   ] GC(16)   Pre Evacuate Collection Set: 0.2ms
[2026-09-05T15:26:59.105+0900][23.634s][info][gc,phases   ] GC(16)   Merge Heap Roots: 0.1ms
[2026-09-05T15:26:59.105+0900][23.634s][info][gc,phases   ] GC(16)   Evacuate Collection Set: 12.7ms
[2026-09-05T15:26:59.105+0900][23.634s][info][gc,phases   ] GC(16)   Post Evacuate Collection Set: 1.7ms
[2026-09-05T15:26:59.105+0900][23.634s][info][gc,phases   ] GC(16)   Other: 0.1ms
[2026-09-05T15:26:59.105+0900][23.634s][info][gc,heap     ] GC(16) Eden regions: 287->0(288)
[2026-09-05T15:26:59.105+0900][23.634s][info][gc,heap     ] GC(16) Survivor regions: 20->19(39)
[2026-09-05T15:26:59.105+0900][23.634s][info][gc,heap     ] GC(16) Old regions: 3->3
[2026-09-05T15:26:59.105+0900][23.634s][info][gc,heap     ] GC(16) Humongous regions: 0->0
[2026-09-05T15:26:59.105+0900][23.634s][info][gc,metaspace] GC(16) Metaspace: 64965K(65728K)->64965K(65728K) NonClass: 56131K(56576K)->56131K(56576K) Class: 8833K(9152K)->8833K(9152K)
[2026-09-05T15:26:59.106+0900][23.634s][info][gc          ] GC(16) Pause Young (Normal) (G1 Evacuation Pause) 309M->21M(512M) 15.488ms
[2026-09-05T15:26:59.106+0900][23.634s][info][gc,cpu      ] GC(16) User=0.11s Sys=0.00s Real=0.02s
[2026-09-05T15:26:59.106+0900][23.634s][info][safepoint   ] Safepoint "G1CollectForAllocation", Time since last: 1361302200 ns, Reaching safepoint: 6000 ns, Cleanup: 18300 ns, At safepoint: 15592800 ns, Leaving safepoint: 22100 ns, Total: 15639200 ns
[2026-09-05T15:27:00.116+0900][24.645s][info][safepoint   ] Safepoint "Cleanup", Time since last: 1010300800 ns, Reaching safepoint: 12900 ns, Cleanup: 127800 ns, At safepoint: 2000 ns, Leaving safepoint: 2800 ns, Total: 145500 ns
[2026-09-05T15:27:01.128+0900][25.656s][info][safepoint   ] Safepoint "Cleanup", Time since last: 1011840200 ns, Reaching safepoint: 28300 ns, Cleanup: 25400 ns, At safepoint: 1400 ns, Leaving safepoint: 45800 ns, Total: 100900 ns
[2026-09-05T15:27:01.432+0900][25.960s][info][gc,start    ] GC(17) Pause Young (Normal) (G1 Evacuation Pause)
[2026-09-05T15:27:01.432+0900][25.961s][info][gc,task     ] GC(17) Using 8 workers of 8 for evacuation
[2026-09-05T15:27:01.446+0900][25.974s][info][gc,phases   ] GC(17)   Pre Evacuate Collection Set: 0.2ms
[2026-09-05T15:27:01.446+0900][25.974s][info][gc,phases   ] GC(17)   Merge Heap Roots: 0.1ms
[2026-09-05T15:27:01.446+0900][25.974s][info][gc,phases   ] GC(17)   Evacuate Collection Set: 11.4ms
[2026-09-05T15:27:01.446+0900][25.974s][info][gc,phases   ] GC(17)   Post Evacuate Collection Set: 1.8ms
[2026-09-05T15:27:01.446+0900][25.974s][info][gc,phases   ] GC(17)   Other: 0.1ms
[2026-09-05T15:27:01.446+0900][25.974s][info][gc,heap     ] GC(17) Eden regions: 288->0(288)
[2026-09-05T15:27:01.446+0900][25.975s][info][gc,heap     ] GC(17) Survivor regions: 19->19(39)
[2026-09-05T15:27:01.446+0900][25.975s][info][gc,heap     ] GC(17) Old regions: 3->3
[2026-09-05T15:27:01.446+0900][25.975s][info][gc,heap     ] GC(17) Humongous regions: 0->0
[2026-09-05T15:27:01.446+0900][25.975s][info][gc,metaspace] GC(17) Metaspace: 64979K(65728K)->64979K(65728K) NonClass: 56146K(56576K)->56146K(56576K) Class: 8833K(9152K)->8833K(9152K)
[2026-09-05T15:27:01.446+0900][25.975s][info][gc          ] GC(17) Pause Young (Normal) (G1 Evacuation Pause) 309M->21M(512M) 14.362ms
[2026-09-05T15:27:01.446+0900][25.975s][info][gc,cpu      ] GC(17) User=0.09s Sys=0.00s Real=0.01s
[2026-09-05T15:27:01.446+0900][25.975s][info][safepoint   ] Safepoint "G1CollectForAllocation", Time since last: 303810000 ns, Reaching safepoint: 6600 ns, Cleanup: 15800 ns, At safepoint: 14480100 ns, Leaving safepoint: 16900 ns, Total: 14519400 ns
[2026-09-05T15:27:02.433+0900][26.962s][info][gc,heap,exit] Heap
[2026-09-05T15:27:02.433+0900][26.962s][info][gc,heap,exit]  garbage-first heap   total 524288K, used 67373K [0x00000000e0000000, 0x0000000100000000)
[2026-09-05T15:27:02.433+0900][26.962s][info][gc,heap,exit]   region size 1024K, 64 young (65536K), 19 survivors (19456K)
[2026-09-05T15:27:02.433+0900][26.962s][info][gc,heap,exit]  Metaspace       used 65807K, committed 66624K, reserved 1114112K
[2026-09-05T15:27:02.433+0900][26.962s][info][gc,heap,exit]   class space    used 8931K, committed 9344K, reserved 1048576K
