[2026-09-05T15:36:36.166+0900][0.022s][info][gc,init] CardTable entry size: 512
[2026-09-05T15:36:36.166+0900][0.022s][info][gc     ] Using G1
[2026-09-05T15:36:36.170+0900][0.026s][info][gc,init] Version: 21.0.8+9-LTS (release)
[2026-09-05T15:36:36.170+0900][0.026s][info][gc,init] CPUs: 8 total, 8 available
[2026-09-05T15:36:36.170+0900][0.026s][info][gc,init] Memory: 7991M
[2026-09-05T15:36:36.170+0900][0.026s][info][gc,init] Large Page Support: Disabled
[2026-09-05T15:36:36.170+0900][0.026s][info][gc,init] NUMA Support: Disabled
[2026-09-05T15:36:36.170+0900][0.026s][info][gc,init] Compressed Oops: Enabled (32-bit)
[2026-09-05T15:36:36.170+0900][0.026s][info][gc,init] Heap Region Size: 1M
[2026-09-05T15:36:36.170+0900][0.026s][info][gc,init] Heap Min Capacity: 512M
[2026-09-05T15:36:36.170+0900][0.026s][info][gc,init] Heap Initial Capacity: 512M
[2026-09-05T15:36:36.170+0900][0.026s][info][gc,init] Heap Max Capacity: 512M
[2026-09-05T15:36:36.170+0900][0.026s][info][gc,init] Pre-touch: Disabled
[2026-09-05T15:36:36.170+0900][0.026s][info][gc,init] Parallel Workers: 8
[2026-09-05T15:36:36.170+0900][0.026s][info][gc,init] Concurrent Workers: 2
[2026-09-05T15:36:36.170+0900][0.026s][info][gc,init] Concurrent Refinement Workers: 8
[2026-09-05T15:36:36.170+0900][0.026s][info][gc,init] Periodic GC: Disabled
[2026-09-05T15:36:36.185+0900][0.041s][info][gc,metaspace] CDS archive(s) mapped at: [0x000001e080000000-0x000001e080c80000-0x000001e080c80000), size 13107200, SharedBaseAddress: 0x000001e080000000, ArchiveRelocationMode: 1.
[2026-09-05T15:36:36.185+0900][0.041s][info][gc,metaspace] Compressed class space mapped at: 0x000001e081000000-0x000001e0c1000000, reserved size: 1073741824
[2026-09-05T15:36:36.185+0900][0.041s][info][gc,metaspace] Narrow klass base: 0x000001e080000000, Narrow klass shift: 0, Narrow klass range: 0x100000000
[2026-09-05T15:36:36.805+0900][0.661s][info][gc,start    ] GC(0) Pause Young (Normal) (G1 Evacuation Pause)
[2026-09-05T15:36:36.806+0900][0.662s][info][gc,task     ] GC(0) Using 8 workers of 8 for evacuation
[2026-09-05T15:36:36.809+0900][0.666s][info][gc,phases   ] GC(0)   Pre Evacuate Collection Set: 0.1ms
[2026-09-05T15:36:36.809+0900][0.666s][info][gc,phases   ] GC(0)   Merge Heap Roots: 0.1ms
[2026-09-05T15:36:36.809+0900][0.666s][info][gc,phases   ] GC(0)   Evacuate Collection Set: 2.5ms
[2026-09-05T15:36:36.809+0900][0.666s][info][gc,phases   ] GC(0)   Post Evacuate Collection Set: 0.5ms
[2026-09-05T15:36:36.809+0900][0.666s][info][gc,phases   ] GC(0)   Other: 1.3ms
[2026-09-05T15:36:36.809+0900][0.666s][info][gc,heap     ] GC(0) Eden regions: 25->0(36)
[2026-09-05T15:36:36.809+0900][0.666s][info][gc,heap     ] GC(0) Survivor regions: 0->3(4)
[2026-09-05T15:36:36.809+0900][0.666s][info][gc,heap     ] GC(0) Old regions: 0->0
[2026-09-05T15:36:36.811+0900][0.666s][info][gc,heap     ] GC(0) Humongous regions: 0->0
[2026-09-05T15:36:36.811+0900][0.666s][info][gc,metaspace] GC(0) Metaspace: 2421K(2624K)->2421K(2624K) NonClass: 2183K(2304K)->2183K(2304K) Class: 237K(320K)->237K(320K)
[2026-09-05T15:36:36.811+0900][0.666s][info][gc          ] GC(0) Pause Young (Normal) (G1 Evacuation Pause) 25M->2M(512M) 5.302ms
[2026-09-05T15:36:36.811+0900][0.666s][info][gc,cpu      ] GC(0) User=0.00s Sys=0.00s Real=0.01s
[2026-09-05T15:36:36.811+0900][0.666s][info][safepoint   ] Safepoint "G1CollectForAllocation", Time since last: 612425300 ns, Reaching safepoint: 9900 ns, Cleanup: 103300 ns, At safepoint: 5403000 ns, Leaving safepoint: 20700 ns, Total: 5536900 ns
[2026-09-05T15:36:37.607+0900][1.464s][info][safepoint   ] Safepoint "ICBufferFull", Time since last: 797561800 ns, Reaching safepoint: 3700 ns, Cleanup: 82400 ns, At safepoint: 800 ns, Leaving safepoint: 600 ns, Total: 87500 ns
[2026-09-05T15:36:37.647+0900][1.503s][info][gc,start    ] GC(1) Pause Young (Normal) (G1 Evacuation Pause)
[2026-09-05T15:36:37.647+0900][1.503s][info][gc,task     ] GC(1) Using 8 workers of 8 for evacuation
[2026-09-05T15:36:37.651+0900][1.507s][info][gc,phases   ] GC(1)   Pre Evacuate Collection Set: 0.2ms
[2026-09-05T15:36:37.651+0900][1.507s][info][gc,phases   ] GC(1)   Merge Heap Roots: 0.1ms
[2026-09-05T15:36:37.651+0900][1.507s][info][gc,phases   ] GC(1)   Evacuate Collection Set: 3.2ms
[2026-09-05T15:36:37.651+0900][1.507s][info][gc,phases   ] GC(1)   Post Evacuate Collection Set: 0.6ms
[2026-09-05T15:36:37.651+0900][1.507s][info][gc,phases   ] GC(1)   Other: 0.1ms
[2026-09-05T15:36:37.651+0900][1.507s][info][gc,heap     ] GC(1) Eden regions: 36->0(302)
[2026-09-05T15:36:37.651+0900][1.507s][info][gc,heap     ] GC(1) Survivor regions: 3->5(5)
[2026-09-05T15:36:37.651+0900][1.507s][info][gc,heap     ] GC(1) Old regions: 0->0
[2026-09-05T15:36:37.651+0900][1.507s][info][gc,heap     ] GC(1) Humongous regions: 0->0
[2026-09-05T15:36:37.651+0900][1.507s][info][gc,metaspace] GC(1) Metaspace: 8101K(8384K)->8101K(8384K) NonClass: 7105K(7296K)->7105K(7296K) Class: 995K(1088K)->995K(1088K)
[2026-09-05T15:36:37.652+0900][1.507s][info][gc          ] GC(1) Pause Young (Normal) (G1 Evacuation Pause) 38M->4M(512M) 4.640ms
[2026-09-05T15:36:37.652+0900][1.507s][info][gc,cpu      ] GC(1) User=0.03s Sys=0.09s Real=0.00s
[2026-09-05T15:36:37.652+0900][1.507s][info][safepoint   ] Safepoint "G1CollectForAllocation", Time since last: 38825500 ns, Reaching safepoint: 3400 ns, Cleanup: 26800 ns, At safepoint: 4718700 ns, Leaving safepoint: 10800 ns, Total: 4759700 ns
[2026-09-05T15:36:38.061+0900][1.917s][info][safepoint   ] Safepoint "ICBufferFull", Time since last: 409828800 ns, Reaching safepoint: 3000 ns, Cleanup: 86600 ns, At safepoint: 1100 ns, Leaving safepoint: 400 ns, Total: 91100 ns
[2026-09-05T15:36:38.717+0900][2.573s][info][safepoint   ] Safepoint "ICBufferFull", Time since last: 656084000 ns, Reaching safepoint: 6500 ns, Cleanup: 140500 ns, At safepoint: 2400 ns, Leaving safepoint: 9800 ns, Total: 159200 ns
[2026-09-05T15:36:38.998+0900][2.853s][info][safepoint   ] Safepoint "ICBufferFull", Time since last: 279388300 ns, Reaching safepoint: 7900 ns, Cleanup: 188300 ns, At safepoint: 1500 ns, Leaving safepoint: 1400 ns, Total: 199100 ns
[2026-09-05T15:36:39.208+0900][3.064s][info][safepoint   ] Safepoint "ICBufferFull", Time since last: 210443100 ns, Reaching safepoint: 4000 ns, Cleanup: 133300 ns, At safepoint: 1100 ns, Leaving safepoint: 7200 ns, Total: 145600 ns
[2026-09-05T15:36:39.658+0900][3.514s][info][safepoint   ] Safepoint "ICBufferFull", Time since last: 450061400 ns, Reaching safepoint: 5200 ns, Cleanup: 154800 ns, At safepoint: 1600 ns, Leaving safepoint: 16700 ns, Total: 178300 ns
[2026-09-05T15:36:39.848+0900][3.704s][info][gc,start    ] GC(2) Pause Young (Concurrent Start) (Metadata GC Threshold)
[2026-09-05T15:36:39.848+0900][3.704s][info][gc,task     ] GC(2) Using 8 workers of 8 for evacuation
[2026-09-05T15:36:39.860+0900][3.716s][info][gc,phases   ] GC(2)   Pre Evacuate Collection Set: 0.6ms
[2026-09-05T15:36:39.860+0900][3.716s][info][gc,phases   ] GC(2)   Merge Heap Roots: 0.1ms
[2026-09-05T15:36:39.860+0900][3.716s][info][gc,phases   ] GC(2)   Evacuate Collection Set: 8.6ms
[2026-09-05T15:36:39.860+0900][3.716s][info][gc,phases   ] GC(2)   Post Evacuate Collection Set: 1.8ms
[2026-09-05T15:36:39.860+0900][3.716s][info][gc,phases   ] GC(2)   Other: -0.0ms
[2026-09-05T15:36:39.860+0900][3.716s][info][gc,heap     ] GC(2) Eden regions: 120->0(296)
[2026-09-05T15:36:39.860+0900][3.716s][info][gc,heap     ] GC(2) Survivor regions: 5->11(39)
[2026-09-05T15:36:39.860+0900][3.716s][info][gc,heap     ] GC(2) Old regions: 0->0
[2026-09-05T15:36:39.860+0900][3.716s][info][gc,heap     ] GC(2) Humongous regions: 0->0
[2026-09-05T15:36:39.860+0900][3.716s][info][gc,metaspace] GC(2) Metaspace: 21083K(21504K)->21083K(21504K) NonClass: 18390K(18624K)->18390K(18624K) Class: 2692K(2880K)->2692K(2880K)
[2026-09-05T15:36:39.860+0900][3.716s][info][gc          ] GC(2) Pause Young (Concurrent Start) (Metadata GC Threshold) 124M->10M(512M) 11.508ms
[2026-09-05T15:36:39.860+0900][3.716s][info][gc,cpu      ] GC(2) User=0.08s Sys=0.03s Real=0.01s
[2026-09-05T15:36:39.860+0900][3.716s][info][gc          ] GC(3) Concurrent Mark Cycle
[2026-09-05T15:36:39.860+0900][3.716s][info][safepoint   ] Safepoint "CollectForMetadataAllocation", Time since last: 190359400 ns, Reaching safepoint: 3400 ns, Cleanup: 66700 ns, At safepoint: 11613400 ns, Leaving safepoint: 17200 ns, Total: 11700700 ns
[2026-09-05T15:36:39.860+0900][3.716s][info][gc,marking  ] GC(3) Concurrent Scan Root Regions
[2026-09-05T15:36:39.868+0900][3.724s][info][gc,marking  ] GC(3) Concurrent Scan Root Regions 7.494ms
[2026-09-05T15:36:39.868+0900][3.724s][info][gc,marking  ] GC(3) Concurrent Mark
[2026-09-05T15:36:39.868+0900][3.724s][info][gc,marking  ] GC(3) Concurrent Mark From Roots
[2026-09-05T15:36:39.868+0900][3.724s][info][gc,task     ] GC(3) Using 2 workers of 2 for marking
[2026-09-05T15:36:39.868+0900][3.724s][info][gc,marking  ] GC(3) Concurrent Mark From Roots 0.196ms
[2026-09-05T15:36:39.868+0900][3.724s][info][gc,marking  ] GC(3) Concurrent Preclean
[2026-09-05T15:36:39.869+0900][3.724s][info][gc,marking  ] GC(3) Concurrent Preclean 0.130ms
[2026-09-05T15:36:39.869+0900][3.725s][info][gc,start    ] GC(3) Pause Remark
[2026-09-05T15:36:39.873+0900][3.729s][info][gc          ] GC(3) Pause Remark 12M->12M(512M) 3.887ms
[2026-09-05T15:36:39.873+0900][3.729s][info][gc,cpu      ] GC(3) User=0.00s Sys=0.00s Real=0.00s
[2026-09-05T15:36:39.873+0900][3.729s][info][safepoint   ] Safepoint "G1PauseRemark", Time since last: 8543400 ns, Reaching safepoint: 131200 ns, Cleanup: 13600 ns, At safepoint: 4060800 ns, Leaving safepoint: 13300 ns, Total: 4218900 ns
[2026-09-05T15:36:39.873+0900][3.729s][info][gc,marking  ] GC(3) Concurrent Mark 5.053ms
[2026-09-05T15:36:39.873+0900][3.729s][info][gc,marking  ] GC(3) Concurrent Rebuild Remembered Sets and Scrub Regions
[2026-09-05T15:36:39.873+0900][3.729s][info][gc,marking  ] GC(3) Concurrent Rebuild Remembered Sets and Scrub Regions 0.077ms
[2026-09-05T15:36:39.873+0900][3.729s][info][gc,start    ] GC(3) Pause Cleanup
[2026-09-05T15:36:39.873+0900][3.729s][info][gc          ] GC(3) Pause Cleanup 12M->12M(512M) 0.053ms
[2026-09-05T15:36:39.873+0900][3.729s][info][gc,cpu      ] GC(3) User=0.00s Sys=0.00s Real=0.00s
[2026-09-05T15:36:39.873+0900][3.729s][info][safepoint   ] Safepoint "G1PauseCleanup", Time since last: 280300 ns, Reaching safepoint: 3200 ns, Cleanup: 3800 ns, At safepoint: 143200 ns, Leaving safepoint: 8000 ns, Total: 158200 ns
[2026-09-05T15:36:39.873+0900][3.729s][info][gc,marking  ] GC(3) Concurrent Clear Claimed Marks
[2026-09-05T15:36:39.874+0900][3.729s][info][gc,marking  ] GC(3) Concurrent Clear Claimed Marks 0.117ms
[2026-09-05T15:36:39.874+0900][3.729s][info][gc,marking  ] GC(3) Concurrent Cleanup for Next Mark
[2026-09-05T15:36:39.876+0900][3.731s][info][gc,marking  ] GC(3) Concurrent Cleanup for Next Mark 1.636ms
[2026-09-05T15:36:39.876+0900][3.731s][info][gc          ] GC(3) Concurrent Mark Cycle 15.227ms
[2026-09-05T15:36:40.901+0900][4.756s][info][safepoint   ] Safepoint "ICBufferFull", Time since last: 1027152000 ns, Reaching safepoint: 3100 ns, Cleanup: 88000 ns, At safepoint: 800 ns, Leaving safepoint: 4500 ns, Total: 96400 ns
[2026-09-05T15:36:41.483+0900][5.339s][info][safepoint   ] Safepoint "ICBufferFull", Time since last: 582224700 ns, Reaching safepoint: 3900 ns, Cleanup: 104000 ns, At safepoint: 900 ns, Leaving safepoint: 600 ns, Total: 109400 ns
[2026-09-05T15:36:41.821+0900][5.677s][info][gc,start    ] GC(4) Pause Young (Concurrent Start) (Metadata GC Threshold)
[2026-09-05T15:36:41.821+0900][5.677s][info][gc,task     ] GC(4) Using 8 workers of 8 for evacuation
[2026-09-05T15:36:41.832+0900][5.688s][info][gc,phases   ] GC(4)   Pre Evacuate Collection Set: 0.2ms
[2026-09-05T15:36:41.832+0900][5.688s][info][gc,phases   ] GC(4)   Merge Heap Roots: 0.1ms
[2026-09-05T15:36:41.832+0900][5.688s][info][gc,phases   ] GC(4)   Evacuate Collection Set: 8.3ms
[2026-09-05T15:36:41.832+0900][5.688s][info][gc,phases   ] GC(4)   Post Evacuate Collection Set: 1.6ms
[2026-09-05T15:36:41.832+0900][5.688s][info][gc,phases   ] GC(4)   Other: 0.2ms
[2026-09-05T15:36:41.832+0900][5.688s][info][gc,heap     ] GC(4) Eden regions: 85->0(293)
[2026-09-05T15:36:41.832+0900][5.688s][info][gc,heap     ] GC(4) Survivor regions: 11->14(39)
[2026-09-05T15:36:41.832+0900][5.688s][info][gc,heap     ] GC(4) Old regions: 0->0
[2026-09-05T15:36:41.832+0900][5.688s][info][gc,heap     ] GC(4) Humongous regions: 0->0
[2026-09-05T15:36:41.832+0900][5.688s][info][gc,metaspace] GC(4) Metaspace: 35410K(35968K)->35410K(35968K) NonClass: 30866K(31168K)->30866K(31168K) Class: 4544K(4800K)->4544K(4800K)
[2026-09-05T15:36:41.832+0900][5.688s][info][gc          ] GC(4) Pause Young (Concurrent Start) (Metadata GC Threshold) 94M->14M(512M) 10.974ms
[2026-09-05T15:36:41.832+0900][5.688s][info][gc,cpu      ] GC(4) User=0.00s Sys=0.00s Real=0.01s
[2026-09-05T15:36:41.832+0900][5.688s][info][safepoint   ] Safepoint "CollectForMetadataAllocation", Time since last: 338190300 ns, Reaching safepoint: 4400 ns, Cleanup: 43900 ns, At safepoint: 11085800 ns, Leaving safepoint: 6200 ns, Total: 11140300 ns
[2026-09-05T15:36:41.832+0900][5.688s][info][gc          ] GC(5) Concurrent Mark Cycle
[2026-09-05T15:36:41.832+0900][5.688s][info][gc,marking  ] GC(5) Concurrent Scan Root Regions
[2026-09-05T15:36:41.839+0900][5.694s][info][gc,marking  ] GC(5) Concurrent Scan Root Regions 6.203ms
[2026-09-05T15:36:41.839+0900][5.695s][info][gc,marking  ] GC(5) Concurrent Mark
[2026-09-05T15:36:41.839+0900][5.695s][info][gc,marking  ] GC(5) Concurrent Mark From Roots
[2026-09-05T15:36:41.839+0900][5.695s][info][gc,task     ] GC(5) Using 2 workers of 2 for marking
[2026-09-05T15:36:41.839+0900][5.695s][info][gc,marking  ] GC(5) Concurrent Mark From Roots 0.171ms
[2026-09-05T15:36:41.839+0900][5.695s][info][gc,marking  ] GC(5) Concurrent Preclean
[2026-09-05T15:36:41.839+0900][5.695s][info][gc,marking  ] GC(5) Concurrent Preclean 0.032ms
[2026-09-05T15:36:41.839+0900][5.695s][info][gc,start    ] GC(5) Pause Remark
[2026-09-05T15:36:41.843+0900][5.699s][info][gc          ] GC(5) Pause Remark 16M->16M(512M) 4.202ms
[2026-09-05T15:36:41.843+0900][5.699s][info][gc,cpu      ] GC(5) User=0.00s Sys=0.00s Real=0.00s
[2026-09-05T15:36:41.843+0900][5.699s][info][safepoint   ] Safepoint "G1PauseRemark", Time since last: 6761600 ns, Reaching safepoint: 15200 ns, Cleanup: 8300 ns, At safepoint: 4372400 ns, Leaving safepoint: 16800 ns, Total: 4412700 ns
[2026-09-05T15:36:41.843+0900][5.699s][info][gc,marking  ] GC(5) Concurrent Mark 4.824ms
[2026-09-05T15:36:41.844+0900][5.699s][info][gc,marking  ] GC(5) Concurrent Rebuild Remembered Sets and Scrub Regions
[2026-09-05T15:36:41.844+0900][5.700s][info][gc,marking  ] GC(5) Concurrent Rebuild Remembered Sets and Scrub Regions 0.087ms
[2026-09-05T15:36:41.844+0900][5.700s][info][gc,start    ] GC(5) Pause Cleanup
[2026-09-05T15:36:41.844+0900][5.700s][info][gc          ] GC(5) Pause Cleanup 16M->16M(512M) 0.073ms
[2026-09-05T15:36:41.844+0900][5.700s][info][gc,cpu      ] GC(5) User=0.00s Sys=0.00s Real=0.00s
[2026-09-05T15:36:41.844+0900][5.700s][info][safepoint   ] Safepoint "G1PauseCleanup", Time since last: 344700 ns, Reaching safepoint: 14500 ns, Cleanup: 16600 ns, At safepoint: 134600 ns, Leaving safepoint: 11800 ns, Total: 177500 ns
[2026-09-05T15:36:41.844+0900][5.700s][info][gc,marking  ] GC(5) Concurrent Clear Claimed Marks
[2026-09-05T15:36:41.844+0900][5.700s][info][gc,marking  ] GC(5) Concurrent Clear Claimed Marks 0.058ms
[2026-09-05T15:36:41.844+0900][5.700s][info][gc,marking  ] GC(5) Concurrent Cleanup for Next Mark
[2026-09-05T15:36:41.845+0900][5.701s][info][gc,marking  ] GC(5) Concurrent Cleanup for Next Mark 1.009ms
[2026-09-05T15:36:41.845+0900][5.701s][info][gc          ] GC(5) Concurrent Mark Cycle 12.913ms
[2026-09-05T15:36:42.848+0900][6.703s][info][safepoint   ] Safepoint "Cleanup", Time since last: 1003182100 ns, Reaching safepoint: 316500 ns, Cleanup: 64400 ns, At safepoint: 1200 ns, Leaving safepoint: 6800 ns, Total: 388900 ns
[2026-09-05T15:36:43.849+0900][7.704s][info][safepoint   ] Safepoint "ICBufferFull", Time since last: 1000793900 ns, Reaching safepoint: 2700 ns, Cleanup: 117900 ns, At safepoint: 800 ns, Leaving safepoint: 4300 ns, Total: 125700 ns
[2026-09-05T15:36:44.871+0900][8.726s][info][safepoint   ] Safepoint "Cleanup", Time since last: 1022067600 ns, Reaching safepoint: 4400 ns, Cleanup: 141600 ns, At safepoint: 700 ns, Leaving safepoint: 12300 ns, Total: 159000 ns
[2026-09-05T15:36:44.954+0900][8.810s][info][gc,start    ] GC(6) Pause Young (Concurrent Start) (Metadata GC Threshold)
[2026-09-05T15:36:44.954+0900][8.810s][info][gc,task     ] GC(6) Using 8 workers of 8 for evacuation
[2026-09-05T15:36:44.971+0900][8.828s][info][gc,phases   ] GC(6)   Pre Evacuate Collection Set: 0.2ms
[2026-09-05T15:36:44.972+0900][8.828s][info][gc,phases   ] GC(6)   Merge Heap Roots: 0.1ms
[2026-09-05T15:36:44.972+0900][8.828s][info][gc,phases   ] GC(6)   Evacuate Collection Set: 14.7ms
[2026-09-05T15:36:44.972+0900][8.828s][info][gc,phases   ] GC(6)   Post Evacuate Collection Set: 2.6ms
[2026-09-05T15:36:44.972+0900][8.828s][info][gc,phases   ] GC(6)   Other: 0.1ms
[2026-09-05T15:36:44.972+0900][8.828s][info][gc,heap     ] GC(6) Eden regions: 178->0(287)
[2026-09-05T15:36:44.972+0900][8.828s][info][gc,heap     ] GC(6) Survivor regions: 14->20(39)
[2026-09-05T15:36:44.972+0900][8.828s][info][gc,heap     ] GC(6) Old regions: 0->0
[2026-09-05T15:36:44.972+0900][8.828s][info][gc,heap     ] GC(6) Humongous regions: 0->0
[2026-09-05T15:36:44.972+0900][8.828s][info][gc,metaspace] GC(6) Metaspace: 59387K(60096K)->59387K(60096K) NonClass: 51180K(51584K)->51180K(51584K) Class: 8207K(8512K)->8207K(8512K)
[2026-09-05T15:36:44.972+0900][8.828s][info][gc          ] GC(6) Pause Young (Concurrent Start) (Metadata GC Threshold) 191M->20M(512M) 18.124ms
[2026-09-05T15:36:44.972+0900][8.828s][info][gc,cpu      ] GC(6) User=0.03s Sys=0.08s Real=0.02s
[2026-09-05T15:36:44.972+0900][8.828s][info][gc          ] GC(7) Concurrent Mark Cycle
[2026-09-05T15:36:44.972+0900][8.828s][info][safepoint   ] Safepoint "CollectForMetadataAllocation", Time since last: 83293700 ns, Reaching safepoint: 3400 ns, Cleanup: 9900 ns, At safepoint: 18233000 ns, Leaving safepoint: 8600 ns, Total: 18254900 ns
[2026-09-05T15:36:44.972+0900][8.828s][info][gc,marking  ] GC(7) Concurrent Scan Root Regions
[2026-09-05T15:36:44.980+0900][8.835s][info][gc,marking  ] GC(7) Concurrent Scan Root Regions 7.275ms
[2026-09-05T15:36:44.980+0900][8.835s][info][gc,marking  ] GC(7) Concurrent Mark
[2026-09-05T15:36:44.980+0900][8.836s][info][gc,marking  ] GC(7) Concurrent Mark From Roots
[2026-09-05T15:36:44.980+0900][8.836s][info][gc,task     ] GC(7) Using 2 workers of 2 for marking
[2026-09-05T15:36:44.980+0900][8.836s][info][gc,marking  ] GC(7) Concurrent Mark From Roots 0.166ms
[2026-09-05T15:36:44.980+0900][8.836s][info][gc,marking  ] GC(7) Concurrent Preclean
[2026-09-05T15:36:44.980+0900][8.836s][info][gc,marking  ] GC(7) Concurrent Preclean 0.037ms
[2026-09-05T15:36:44.980+0900][8.836s][info][gc,start    ] GC(7) Pause Remark
[2026-09-05T15:36:44.984+0900][8.839s][info][gc          ] GC(7) Pause Remark 22M->22M(512M) 3.491ms
[2026-09-05T15:36:44.984+0900][8.840s][info][gc,cpu      ] GC(7) User=0.00s Sys=0.00s Real=0.00s
[2026-09-05T15:36:44.984+0900][8.840s][info][safepoint   ] Safepoint "G1PauseRemark", Time since last: 7840300 ns, Reaching safepoint: 5000 ns, Cleanup: 3700 ns, At safepoint: 3646800 ns, Leaving safepoint: 6300 ns, Total: 3661800 ns
[2026-09-05T15:36:44.984+0900][8.840s][info][gc,marking  ] GC(7) Concurrent Mark 4.109ms
[2026-09-05T15:36:44.984+0900][8.840s][info][gc,marking  ] GC(7) Concurrent Rebuild Remembered Sets and Scrub Regions
[2026-09-05T15:36:44.984+0900][8.840s][info][gc,marking  ] GC(7) Concurrent Rebuild Remembered Sets and Scrub Regions 0.061ms
[2026-09-05T15:36:44.984+0900][8.840s][info][gc,start    ] GC(7) Pause Cleanup
[2026-09-05T15:36:44.984+0900][8.840s][info][gc          ] GC(7) Pause Cleanup 22M->22M(512M) 0.040ms
[2026-09-05T15:36:44.984+0900][8.840s][info][gc,cpu      ] GC(7) User=0.00s Sys=0.00s Real=0.00s
[2026-09-05T15:36:44.984+0900][8.840s][info][safepoint   ] Safepoint "G1PauseCleanup", Time since last: 337500 ns, Reaching safepoint: 15100 ns, Cleanup: 6800 ns, At safepoint: 103100 ns, Leaving safepoint: 4400 ns, Total: 129400 ns
[2026-09-05T15:36:44.984+0900][8.840s][info][gc,marking  ] GC(7) Concurrent Clear Claimed Marks
[2026-09-05T15:36:44.984+0900][8.840s][info][gc,marking  ] GC(7) Concurrent Clear Claimed Marks 0.067ms
[2026-09-05T15:36:44.984+0900][8.840s][info][gc,marking  ] GC(7) Concurrent Cleanup for Next Mark
[2026-09-05T15:36:44.985+0900][8.841s][info][gc,marking  ] GC(7) Concurrent Cleanup for Next Mark 0.602ms
[2026-09-05T15:36:44.985+0900][8.841s][info][gc          ] GC(7) Concurrent Mark Cycle 12.829ms
[2026-09-05T15:36:45.543+0900][9.399s][info][safepoint   ] Safepoint "ICBufferFull", Time since last: 558635000 ns, Reaching safepoint: 4900 ns, Cleanup: 108600 ns, At safepoint: 900 ns, Leaving safepoint: 4800 ns, Total: 119200 ns
[2026-09-05T15:36:46.391+0900][10.247s][info][safepoint   ] Safepoint "ICBufferFull", Time since last: 847887900 ns, Reaching safepoint: 3900 ns, Cleanup: 80100 ns, At safepoint: 800 ns, Leaving safepoint: 6900 ns, Total: 91700 ns
[2026-09-05T15:36:47.404+0900][11.260s][info][safepoint   ] Safepoint "Cleanup", Time since last: 1012814100 ns, Reaching safepoint: 20900 ns, Cleanup: 34400 ns, At safepoint: 1500 ns, Leaving safepoint: 8400 ns, Total: 65200 ns
[2026-09-05T15:36:47.847+0900][11.702s][info][gc,start    ] GC(8) Pause Young (Normal) (G1 Evacuation Pause)
[2026-09-05T15:36:47.847+0900][11.702s][info][gc,task     ] GC(8) Using 8 workers of 8 for evacuation
[2026-09-05T15:36:47.864+0900][11.720s][info][gc,phases   ] GC(8)   Pre Evacuate Collection Set: 0.1ms
[2026-09-05T15:36:47.864+0900][11.720s][info][gc,phases   ] GC(8)   Merge Heap Roots: 0.1ms
[2026-09-05T15:36:47.864+0900][11.720s][info][gc,phases   ] GC(8)   Evacuate Collection Set: 14.6ms
[2026-09-05T15:36:47.864+0900][11.720s][info][gc,phases   ] GC(8)   Post Evacuate Collection Set: 2.3ms
[2026-09-05T15:36:47.864+0900][11.720s][info][gc,phases   ] GC(8)   Other: 0.1ms
[2026-09-05T15:36:47.864+0900][11.720s][info][gc,heap     ] GC(8) Eden regions: 287->0(285)
[2026-09-05T15:36:47.864+0900][11.720s][info][gc,heap     ] GC(8) Survivor regions: 20->22(39)
[2026-09-05T15:36:47.864+0900][11.720s][info][gc,heap     ] GC(8) Old regions: 0->0
[2026-09-05T15:36:47.864+0900][11.720s][info][gc,heap     ] GC(8) Humongous regions: 0->0
[2026-09-05T15:36:47.864+0900][11.720s][info][gc,metaspace] GC(8) Metaspace: 64003K(64768K)->64003K(64768K) NonClass: 55193K(55616K)->55193K(55616K) Class: 8809K(9152K)->8809K(9152K)
[2026-09-05T15:36:47.864+0900][11.720s][info][gc          ] GC(8) Pause Young (Normal) (G1 Evacuation Pause) 307M->22M(512M) 17.717ms
[2026-09-05T15:36:47.864+0900][11.720s][info][gc,cpu      ] GC(8) User=0.11s Sys=0.02s Real=0.02s
[2026-09-05T15:36:47.864+0900][11.720s][info][safepoint   ] Safepoint "G1CollectForAllocation", Time since last: 442631300 ns, Reaching safepoint: 4600 ns, Cleanup: 27300 ns, At safepoint: 17799600 ns, Leaving safepoint: 9400 ns, Total: 17840900 ns
[2026-09-05T15:36:48.865+0900][12.721s][info][safepoint   ] Safepoint "Cleanup", Time since last: 1000663100 ns, Reaching safepoint: 21400 ns, Cleanup: 58300 ns, At safepoint: 1300 ns, Leaving safepoint: 5000 ns, Total: 86000 ns
[2026-09-05T15:36:49.612+0900][13.468s][info][gc,start    ] GC(9) Pause Young (Normal) (G1 Evacuation Pause)
[2026-09-05T15:36:49.612+0900][13.468s][info][gc,task     ] GC(9) Using 8 workers of 8 for evacuation
[2026-09-05T15:36:49.626+0900][13.483s][info][gc,phases   ] GC(9)   Pre Evacuate Collection Set: 0.1ms
[2026-09-05T15:36:49.626+0900][13.483s][info][gc,phases   ] GC(9)   Merge Heap Roots: 0.1ms
[2026-09-05T15:36:49.627+0900][13.483s][info][gc,phases   ] GC(9)   Evacuate Collection Set: 12.1ms
[2026-09-05T15:36:49.627+0900][13.483s][info][gc,phases   ] GC(9)   Post Evacuate Collection Set: 2.4ms
[2026-09-05T15:36:49.627+0900][13.483s][info][gc,phases   ] GC(9)   Other: 0.1ms
[2026-09-05T15:36:49.627+0900][13.483s][info][gc,heap     ] GC(9) Eden regions: 285->0(288)
[2026-09-05T15:36:49.627+0900][13.483s][info][gc,heap     ] GC(9) Survivor regions: 22->19(39)
[2026-09-05T15:36:49.627+0900][13.483s][info][gc,heap     ] GC(9) Old regions: 0->3
[2026-09-05T15:36:49.627+0900][13.483s][info][gc,heap     ] GC(9) Humongous regions: 0->0
[2026-09-05T15:36:49.627+0900][13.483s][info][gc,metaspace] GC(9) Metaspace: 64164K(64960K)->64164K(64960K) NonClass: 55349K(55808K)->55349K(55808K) Class: 8815K(9152K)->8815K(9152K)
[2026-09-05T15:36:49.627+0900][13.483s][info][gc          ] GC(9) Pause Young (Normal) (G1 Evacuation Pause) 307M->20M(512M) 15.359ms
[2026-09-05T15:36:49.627+0900][13.483s][info][gc,cpu      ] GC(9) User=0.11s Sys=0.02s Real=0.02s
[2026-09-05T15:36:49.627+0900][13.483s][info][safepoint   ] Safepoint "G1CollectForAllocation", Time since last: 746853200 ns, Reaching safepoint: 4200 ns, Cleanup: 17800 ns, At safepoint: 15452200 ns, Leaving safepoint: 12200 ns, Total: 15486400 ns
[2026-09-05T15:36:50.641+0900][14.497s][info][safepoint   ] Safepoint "Cleanup", Time since last: 1013506500 ns, Reaching safepoint: 9700 ns, Cleanup: 57300 ns, At safepoint: 2600 ns, Leaving safepoint: 1500 ns, Total: 71100 ns
[2026-09-05T15:36:51.333+0900][15.189s][info][gc,start    ] GC(10) Pause Young (Normal) (G1 Evacuation Pause)
[2026-09-05T15:36:51.333+0900][15.189s][info][gc,task     ] GC(10) Using 8 workers of 8 for evacuation
[2026-09-05T15:36:51.345+0900][15.201s][info][gc,phases   ] GC(10)   Pre Evacuate Collection Set: 0.2ms
[2026-09-05T15:36:51.345+0900][15.201s][info][gc,phases   ] GC(10)   Merge Heap Roots: 0.2ms
[2026-09-05T15:36:51.345+0900][15.201s][info][gc,phases   ] GC(10)   Evacuate Collection Set: 9.5ms
[2026-09-05T15:36:51.345+0900][15.201s][info][gc,phases   ] GC(10)   Post Evacuate Collection Set: 1.6ms
[2026-09-05T15:36:51.345+0900][15.201s][info][gc,phases   ] GC(10)   Other: 0.1ms
[2026-09-05T15:36:51.345+0900][15.201s][info][gc,heap     ] GC(10) Eden regions: 288->0(287)
[2026-09-05T15:36:51.345+0900][15.201s][info][gc,heap     ] GC(10) Survivor regions: 19->20(39)
[2026-09-05T15:36:51.345+0900][15.201s][info][gc,heap     ] GC(10) Old regions: 3->3
[2026-09-05T15:36:51.345+0900][15.201s][info][gc,heap     ] GC(10) Humongous regions: 0->0
[2026-09-05T15:36:51.345+0900][15.201s][info][gc,metaspace] GC(10) Metaspace: 64417K(65152K)->64417K(65152K) NonClass: 55602K(56000K)->55602K(56000K) Class: 8815K(9152K)->8815K(9152K)
[2026-09-05T15:36:51.345+0900][15.201s][info][gc          ] GC(10) Pause Young (Normal) (G1 Evacuation Pause) 308M->21M(512M) 12.076ms
[2026-09-05T15:36:51.345+0900][15.201s][info][gc,cpu      ] GC(10) User=0.11s Sys=0.02s Real=0.01s
[2026-09-05T15:36:51.345+0900][15.201s][info][safepoint   ] Safepoint "G1CollectForAllocation", Time since last: 692228500 ns, Reaching safepoint: 3800 ns, Cleanup: 37100 ns, At safepoint: 12151900 ns, Leaving safepoint: 11300 ns, Total: 12204100 ns
[2026-09-05T15:36:52.346+0900][16.202s][info][safepoint   ] Safepoint "Cleanup", Time since last: 1000597200 ns, Reaching safepoint: 24200 ns, Cleanup: 32200 ns, At safepoint: 1500 ns, Leaving safepoint: 7300 ns, Total: 65200 ns
[2026-09-05T15:36:52.916+0900][16.772s][info][gc,start    ] GC(11) Pause Young (Normal) (G1 Evacuation Pause)
[2026-09-05T15:36:52.916+0900][16.772s][info][gc,task     ] GC(11) Using 8 workers of 8 for evacuation
[2026-09-05T15:36:52.927+0900][16.783s][info][gc,phases   ] GC(11)   Pre Evacuate Collection Set: 0.2ms
[2026-09-05T15:36:52.927+0900][16.783s][info][gc,phases   ] GC(11)   Merge Heap Roots: 0.1ms
[2026-09-05T15:36:52.927+0900][16.783s][info][gc,phases   ] GC(11)   Evacuate Collection Set: 9.1ms
[2026-09-05T15:36:52.927+0900][16.783s][info][gc,phases   ] GC(11)   Post Evacuate Collection Set: 1.6ms
[2026-09-05T15:36:52.927+0900][16.783s][info][gc,phases   ] GC(11)   Other: 0.1ms
[2026-09-05T15:36:52.927+0900][16.783s][info][gc,heap     ] GC(11) Eden regions: 287->0(288)
[2026-09-05T15:36:52.927+0900][16.783s][info][gc,heap     ] GC(11) Survivor regions: 20->19(39)
[2026-09-05T15:36:52.927+0900][16.783s][info][gc,heap     ] GC(11) Old regions: 3->3
[2026-09-05T15:36:52.927+0900][16.783s][info][gc,heap     ] GC(11) Humongous regions: 0->0
[2026-09-05T15:36:52.927+0900][16.783s][info][gc,metaspace] GC(11) Metaspace: 64489K(65216K)->64489K(65216K) NonClass: 55674K(56064K)->55674K(56064K) Class: 8815K(9152K)->8815K(9152K)
[2026-09-05T15:36:52.928+0900][16.783s][info][gc          ] GC(11) Pause Young (Normal) (G1 Evacuation Pause) 308M->21M(512M) 11.701ms
[2026-09-05T15:36:52.928+0900][16.783s][info][gc,cpu      ] GC(11) User=0.00s Sys=0.00s Real=0.01s
[2026-09-05T15:36:52.928+0900][16.783s][info][safepoint   ] Safepoint "G1CollectForAllocation", Time since last: 569821700 ns, Reaching safepoint: 4600 ns, Cleanup: 24300 ns, At safepoint: 11780200 ns, Leaving safepoint: 11900 ns, Total: 11821000 ns
[2026-09-05T15:36:53.929+0900][17.784s][info][safepoint   ] Safepoint "Cleanup", Time since last: 1000859000 ns, Reaching safepoint: 9700 ns, Cleanup: 65000 ns, At safepoint: 2200 ns, Leaving safepoint: 1600 ns, Total: 78500 ns
[2026-09-05T15:36:54.570+0900][18.426s][info][gc,start    ] GC(12) Pause Young (Normal) (G1 Evacuation Pause)
[2026-09-05T15:36:54.570+0900][18.426s][info][gc,task     ] GC(12) Using 8 workers of 8 for evacuation
[2026-09-05T15:36:54.582+0900][18.438s][info][gc,phases   ] GC(12)   Pre Evacuate Collection Set: 0.2ms
[2026-09-05T15:36:54.582+0900][18.438s][info][gc,phases   ] GC(12)   Merge Heap Roots: 0.1ms
[2026-09-05T15:36:54.582+0900][18.438s][info][gc,phases   ] GC(12)   Evacuate Collection Set: 9.4ms
[2026-09-05T15:36:54.582+0900][18.438s][info][gc,phases   ] GC(12)   Post Evacuate Collection Set: 1.7ms
[2026-09-05T15:36:54.582+0900][18.438s][info][gc,phases   ] GC(12)   Other: 0.1ms
[2026-09-05T15:36:54.582+0900][18.438s][info][gc,heap     ] GC(12) Eden regions: 288->0(287)
[2026-09-05T15:36:54.582+0900][18.438s][info][gc,heap     ] GC(12) Survivor regions: 19->20(39)
[2026-09-05T15:36:54.582+0900][18.438s][info][gc,heap     ] GC(12) Old regions: 3->3
[2026-09-05T15:36:54.582+0900][18.438s][info][gc,heap     ] GC(12) Humongous regions: 0->0
[2026-09-05T15:36:54.582+0900][18.438s][info][gc,metaspace] GC(12) Metaspace: 64614K(65408K)->64614K(65408K) NonClass: 55799K(56256K)->55799K(56256K) Class: 8815K(9152K)->8815K(9152K)
[2026-09-05T15:36:54.582+0900][18.438s][info][gc          ] GC(12) Pause Young (Normal) (G1 Evacuation Pause) 309M->21M(512M) 11.841ms
[2026-09-05T15:36:54.582+0900][18.438s][info][gc,cpu      ] GC(12) User=0.00s Sys=0.00s Real=0.01s
[2026-09-05T15:36:54.582+0900][18.438s][info][safepoint   ] Safepoint "G1CollectForAllocation", Time since last: 641593100 ns, Reaching safepoint: 3600 ns, Cleanup: 26300 ns, At safepoint: 11912500 ns, Leaving safepoint: 9700 ns, Total: 11952100 ns
[2026-09-05T15:36:55.591+0900][19.447s][info][safepoint   ] Safepoint "Cleanup", Time since last: 1008850500 ns, Reaching safepoint: 8600 ns, Cleanup: 50100 ns, At safepoint: 1700 ns, Leaving safepoint: 700 ns, Total: 61100 ns
[2026-09-05T15:36:56.282+0900][20.138s][info][gc,start    ] GC(13) Pause Young (Normal) (G1 Evacuation Pause)
[2026-09-05T15:36:56.282+0900][20.138s][info][gc,task     ] GC(13) Using 8 workers of 8 for evacuation
[2026-09-05T15:36:56.293+0900][20.149s][info][gc,phases   ] GC(13)   Pre Evacuate Collection Set: 0.2ms
[2026-09-05T15:36:56.293+0900][20.149s][info][gc,phases   ] GC(13)   Merge Heap Roots: 0.1ms
[2026-09-05T15:36:56.293+0900][20.149s][info][gc,phases   ] GC(13)   Evacuate Collection Set: 9.6ms
[2026-09-05T15:36:56.293+0900][20.149s][info][gc,phases   ] GC(13)   Post Evacuate Collection Set: 1.6ms
[2026-09-05T15:36:56.293+0900][20.149s][info][gc,phases   ] GC(13)   Other: 0.1ms
[2026-09-05T15:36:56.293+0900][20.149s][info][gc,heap     ] GC(13) Eden regions: 287->0(288)
[2026-09-05T15:36:56.293+0900][20.149s][info][gc,heap     ] GC(13) Survivor regions: 20->19(39)
[2026-09-05T15:36:56.293+0900][20.149s][info][gc,heap     ] GC(13) Old regions: 3->3
[2026-09-05T15:36:56.293+0900][20.149s][info][gc,heap     ] GC(13) Humongous regions: 0->0
[2026-09-05T15:36:56.293+0900][20.149s][info][gc,metaspace] GC(13) Metaspace: 64861K(65664K)->64861K(65664K) NonClass: 56046K(56512K)->56046K(56512K) Class: 8815K(9152K)->8815K(9152K)
[2026-09-05T15:36:56.293+0900][20.150s][info][gc          ] GC(13) Pause Young (Normal) (G1 Evacuation Pause) 308M->21M(512M) 12.035ms
[2026-09-05T15:36:56.293+0900][20.150s][info][gc,cpu      ] GC(13) User=0.12s Sys=0.00s Real=0.01s
[2026-09-05T15:36:56.293+0900][20.150s][info][safepoint   ] Safepoint "G1CollectForAllocation", Time since last: 690568200 ns, Reaching safepoint: 6200 ns, Cleanup: 19400 ns, At safepoint: 12098700 ns, Leaving safepoint: 8700 ns, Total: 12133000 ns
[2026-09-05T15:36:57.299+0900][21.155s][info][safepoint   ] Safepoint "Cleanup", Time since last: 1005095700 ns, Reaching safepoint: 9400 ns, Cleanup: 37600 ns, At safepoint: 1800 ns, Leaving safepoint: 700 ns, Total: 49500 ns
[2026-09-05T15:36:57.920+0900][21.775s][info][gc,start    ] GC(14) Pause Young (Normal) (G1 Evacuation Pause)
[2026-09-05T15:36:57.920+0900][21.776s][info][gc,task     ] GC(14) Using 8 workers of 8 for evacuation
[2026-09-05T15:36:57.931+0900][21.787s][info][gc,phases   ] GC(14)   Pre Evacuate Collection Set: 0.1ms
[2026-09-05T15:36:57.931+0900][21.787s][info][gc,phases   ] GC(14)   Merge Heap Roots: 0.1ms
[2026-09-05T15:36:57.931+0900][21.787s][info][gc,phases   ] GC(14)   Evacuate Collection Set: 9.7ms
[2026-09-05T15:36:57.931+0900][21.787s][info][gc,phases   ] GC(14)   Post Evacuate Collection Set: 1.6ms
[2026-09-05T15:36:57.931+0900][21.787s][info][gc,phases   ] GC(14)   Other: 0.1ms
[2026-09-05T15:36:57.931+0900][21.787s][info][gc,heap     ] GC(14) Eden regions: 288->0(288)
[2026-09-05T15:36:57.931+0900][21.787s][info][gc,heap     ] GC(14) Survivor regions: 19->19(39)
[2026-09-05T15:36:57.931+0900][21.787s][info][gc,heap     ] GC(14) Old regions: 3->3
[2026-09-05T15:36:57.931+0900][21.787s][info][gc,heap     ] GC(14) Humongous regions: 0->0
[2026-09-05T15:36:57.931+0900][21.787s][info][gc,metaspace] GC(14) Metaspace: 64913K(65664K)->64913K(65664K) NonClass: 56098K(56512K)->56098K(56512K) Class: 8815K(9152K)->8815K(9152K)
[2026-09-05T15:36:57.931+0900][21.788s][info][gc          ] GC(14) Pause Young (Normal) (G1 Evacuation Pause) 309M->21M(512M) 12.062ms
[2026-09-05T15:36:57.931+0900][21.788s][info][gc,cpu      ] GC(14) User=0.05s Sys=0.00s Real=0.01s
[2026-09-05T15:36:57.931+0900][21.788s][info][safepoint   ] Safepoint "G1CollectForAllocation", Time since last: 620663600 ns, Reaching safepoint: 4300 ns, Cleanup: 26400 ns, At safepoint: 12132300 ns, Leaving safepoint: 9000 ns, Total: 12172000 ns
[2026-09-05T15:36:58.934+0900][22.789s][info][safepoint   ] Safepoint "Cleanup", Time since last: 1001019200 ns, Reaching safepoint: 574100 ns, Cleanup: 28500 ns, At safepoint: 1500 ns, Leaving safepoint: 1000 ns, Total: 605100 ns
[2026-09-05T15:36:59.499+0900][23.354s][info][gc,start    ] GC(15) Pause Young (Normal) (G1 Evacuation Pause)
[2026-09-05T15:36:59.499+0900][23.354s][info][gc,task     ] GC(15) Using 8 workers of 8 for evacuation
[2026-09-05T15:36:59.512+0900][23.367s][info][gc,phases   ] GC(15)   Pre Evacuate Collection Set: 0.2ms
[2026-09-05T15:36:59.512+0900][23.367s][info][gc,phases   ] GC(15)   Merge Heap Roots: 0.1ms
[2026-09-05T15:36:59.512+0900][23.367s][info][gc,phases   ] GC(15)   Evacuate Collection Set: 10.1ms
[2026-09-05T15:36:59.512+0900][23.367s][info][gc,phases   ] GC(15)   Post Evacuate Collection Set: 2.3ms
[2026-09-05T15:36:59.512+0900][23.367s][info][gc,phases   ] GC(15)   Other: 0.1ms
[2026-09-05T15:36:59.512+0900][23.367s][info][gc,heap     ] GC(15) Eden regions: 288->0(287)
[2026-09-05T15:36:59.512+0900][23.368s][info][gc,heap     ] GC(15) Survivor regions: 19->20(39)
[2026-09-05T15:36:59.512+0900][23.368s][info][gc,heap     ] GC(15) Old regions: 3->3
[2026-09-05T15:36:59.512+0900][23.368s][info][gc,heap     ] GC(15) Humongous regions: 0->0
[2026-09-05T15:36:59.512+0900][23.368s][info][gc,metaspace] GC(15) Metaspace: 64913K(65664K)->64913K(65664K) NonClass: 56098K(56512K)->56098K(56512K) Class: 8815K(9152K)->8815K(9152K)
[2026-09-05T15:36:59.512+0900][23.368s][info][gc          ] GC(15) Pause Young (Normal) (G1 Evacuation Pause) 309M->21M(512M) 13.319ms
[2026-09-05T15:36:59.512+0900][23.368s][info][gc,cpu      ] GC(15) User=0.12s Sys=0.00s Real=0.01s
[2026-09-05T15:36:59.512+0900][23.368s][info][safepoint   ] Safepoint "G1CollectForAllocation", Time since last: 565117500 ns, Reaching safepoint: 5300 ns, Cleanup: 6100 ns, At safepoint: 13415300 ns, Leaving safepoint: 12900 ns, Total: 13439600 ns
[2026-09-05T15:37:00.526+0900][24.381s][info][safepoint   ] Safepoint "Cleanup", Time since last: 1013641100 ns, Reaching safepoint: 7100 ns, Cleanup: 34000 ns, At safepoint: 1100 ns, Leaving safepoint: 4700 ns, Total: 46900 ns
[2026-09-05T15:37:01.096+0900][24.952s][info][gc,start    ] GC(16) Pause Young (Normal) (G1 Evacuation Pause)
[2026-09-05T15:37:01.096+0900][24.952s][info][gc,task     ] GC(16) Using 8 workers of 8 for evacuation
[2026-09-05T15:37:01.108+0900][24.963s][info][gc,phases   ] GC(16)   Pre Evacuate Collection Set: 0.1ms
[2026-09-05T15:37:01.108+0900][24.964s][info][gc,phases   ] GC(16)   Merge Heap Roots: 0.1ms
[2026-09-05T15:37:01.108+0900][24.964s][info][gc,phases   ] GC(16)   Evacuate Collection Set: 9.9ms
[2026-09-05T15:37:01.108+0900][24.964s][info][gc,phases   ] GC(16)   Post Evacuate Collection Set: 1.5ms
[2026-09-05T15:37:01.108+0900][24.964s][info][gc,phases   ] GC(16)   Other: 0.1ms
[2026-09-05T15:37:01.108+0900][24.964s][info][gc,heap     ] GC(16) Eden regions: 287->0(287)
[2026-09-05T15:37:01.108+0900][24.964s][info][gc,heap     ] GC(16) Survivor regions: 20->20(39)
[2026-09-05T15:37:01.108+0900][24.964s][info][gc,heap     ] GC(16) Old regions: 3->3
[2026-09-05T15:37:01.108+0900][24.964s][info][gc,heap     ] GC(16) Humongous regions: 0->0
[2026-09-05T15:37:01.108+0900][24.964s][info][gc,metaspace] GC(16) Metaspace: 64920K(65664K)->64920K(65664K) NonClass: 56104K(56512K)->56104K(56512K) Class: 8815K(9152K)->8815K(9152K)
[2026-09-05T15:37:01.108+0900][24.964s][info][gc          ] GC(16) Pause Young (Normal) (G1 Evacuation Pause) 308M->21M(512M) 12.374ms
[2026-09-05T15:37:01.108+0900][24.964s][info][gc,cpu      ] GC(16) User=0.09s Sys=0.02s Real=0.01s
[2026-09-05T15:37:01.109+0900][24.964s][info][safepoint   ] Safepoint "G1CollectForAllocation", Time since last: 570109900 ns, Reaching safepoint: 5900 ns, Cleanup: 6100 ns, At safepoint: 12479600 ns, Leaving safepoint: 9100 ns, Total: 12500700 ns
[2026-09-05T15:37:02.124+0900][25.979s][info][safepoint   ] Safepoint "Cleanup", Time since last: 1014989200 ns, Reaching safepoint: 28500 ns, Cleanup: 32400 ns, At safepoint: 1200 ns, Leaving safepoint: 9200 ns, Total: 71300 ns
[2026-09-05T15:37:02.691+0900][26.546s][info][gc,start    ] GC(17) Pause Young (Normal) (G1 Evacuation Pause)
[2026-09-05T15:37:02.691+0900][26.546s][info][gc,task     ] GC(17) Using 8 workers of 8 for evacuation
[2026-09-05T15:37:02.702+0900][26.558s][info][gc,phases   ] GC(17)   Pre Evacuate Collection Set: 0.2ms
[2026-09-05T15:37:02.702+0900][26.558s][info][gc,phases   ] GC(17)   Merge Heap Roots: 0.1ms
[2026-09-05T15:37:02.702+0900][26.558s][info][gc,phases   ] GC(17)   Evacuate Collection Set: 9.4ms
[2026-09-05T15:37:02.702+0900][26.558s][info][gc,phases   ] GC(17)   Post Evacuate Collection Set: 1.7ms
[2026-09-05T15:37:02.702+0900][26.558s][info][gc,phases   ] GC(17)   Other: 0.1ms
[2026-09-05T15:37:02.702+0900][26.558s][info][gc,heap     ] GC(17) Eden regions: 287->0(288)
[2026-09-05T15:37:02.702+0900][26.558s][info][gc,heap     ] GC(17) Survivor regions: 20->19(39)
[2026-09-05T15:37:02.702+0900][26.558s][info][gc,heap     ] GC(17) Old regions: 3->3
[2026-09-05T15:37:02.702+0900][26.558s][info][gc,heap     ] GC(17) Humongous regions: 0->0
[2026-09-05T15:37:02.702+0900][26.558s][info][gc,metaspace] GC(17) Metaspace: 64932K(65664K)->64932K(65664K) NonClass: 56117K(56512K)->56117K(56512K) Class: 8815K(9152K)->8815K(9152K)
[2026-09-05T15:37:02.702+0900][26.558s][info][gc          ] GC(17) Pause Young (Normal) (G1 Evacuation Pause) 308M->21M(512M) 11.980ms
[2026-09-05T15:37:02.702+0900][26.558s][info][gc,cpu      ] GC(17) User=0.11s Sys=0.00s Real=0.01s
[2026-09-05T15:37:02.702+0900][26.558s][info][safepoint   ] Safepoint "G1CollectForAllocation", Time since last: 567027900 ns, Reaching safepoint: 9300 ns, Cleanup: 60100 ns, At safepoint: 12084600 ns, Leaving safepoint: 9000 ns, Total: 12163000 ns
[2026-09-05T15:37:03.707+0900][27.563s][info][safepoint   ] Safepoint "Cleanup", Time since last: 1004641100 ns, Reaching safepoint: 6400 ns, Cleanup: 33700 ns, At safepoint: 1300 ns, Leaving safepoint: 11200 ns, Total: 52600 ns
[2026-09-05T15:37:03.858+0900][27.713s][info][gc,heap,exit] Heap
[2026-09-05T15:37:03.858+0900][27.714s][info][gc,heap,exit]  garbage-first heap   total 524288K, used 204112K [0x00000000e0000000, 0x0000000100000000)
[2026-09-05T15:37:03.858+0900][27.714s][info][gc,heap,exit]   region size 1024K, 197 young (201728K), 19 survivors (19456K)
[2026-09-05T15:37:03.858+0900][27.714s][info][gc,heap,exit]  Metaspace       used 65759K, committed 66560K, reserved 1114112K
[2026-09-05T15:37:03.858+0900][27.714s][info][gc,heap,exit]   class space    used 8914K, committed 9280K, reserved 1048576K
